<html>
<body>
<pre>
<h1>µVision Build Log</h1>
<h2>Tool Versions:</h2>
IDE-Version: £gVision V5.28.0.0
Copyright (C) 2019 ARM Ltd and ARM Germany GmbH. All rights reserved.
License Information: lu wei-cheng, cycu, LIC=W96Y8-3QL9Z-TJ26H-WDC0V-TV5YP-2S1Z8
 
Tool Versions:
Toolchain:       MDK-ARM Professional  Version: 5.28.0.0
Toolchain Path:  C:\Keil_v5\ARM\ARMCC\Bin
C Compiler:      Armcc.exe V5.06 update 6 (build 750)
Assembler:       Armasm.exe V5.06 update 6 (build 750)
Linker/Locator:  ArmLink.exe V5.06 update 6 (build 750)
Library Manager: ArmAr.exe V5.06 update 6 (build 750)
Hex Converter:   FromElf.exe V5.06 update 6 (build 750)
CPU DLL:         SARMCM3.DLL V5.28.0.0
Dialog DLL:      DARMCM1.DLL V1.19.2.0
Target DLL:      STLink\ST-LINKIII-KEIL_SWO.dll V3.0.6.0
Dialog DLL:      TARMCM1.DLL V1.14.1.0
 
<h2>Project:</h2>
C:\google\YZ\Project\TC50C\WIFI-RS9116\STM_Library\RS9116_ATCommand\MDK-ARM\RS9116_ATCommand.uvprojx
Project File Date:  11/18/2020

<h2>Output:</h2>
*** Using Compiler 'V5.06 update 6 (build 750)', folder: 'C:\Keil_v5\ARM\ARMCC\Bin'
Rebuild target 'RS9116_ATCommand'
assembling startup_stm32l011xx.s...
compiling stm32l0xx_hal_tim_ex.c...
compiling stm32l0xx_it.c...
compiling stm32l0xx_hal_msp.c...
compiling stm32l0xx_hal.c...
compiling stm32l0xx_hal_flash_ex.c...
compiling stm32l0xx_hal_i2c_ex.c...
compiling stm32l0xx_hal_flash.c...
compiling stm32l0xx_hal_uart_ex.c...
compiling main.c...
compiling stm32l0xx_hal_tim.c...
compiling stm32l0xx_hal_flash_ramfunc.c...
compiling stm32l0xx_hal_rcc_ex.c...
compiling stm32l0xx_hal_uart.c...
compiling stm32l0xx_hal_rcc.c...
compiling stm32l0xx_hal_gpio.c...
compiling stm32l0xx_hal_i2c.c...
compiling soft_timer.c...
compiling stm32l0xx_hal_dma.c...
compiling stm32l0xx_hal_pwr.c...
compiling stm32l0xx_hal_pwr_ex.c...
compiling stm32l0xx_hal_cortex.c...
compiling bsp_uart.c...
compiling system_stm32l0xx.c...
compiling bsp_rf.c...
linking...
Program Size: Code=9140 RO-data=260 RW-data=28 ZI-data=1500  
FromELF: creating hex file...
"RS9116_ATCommand\RS9116_ATCommand.axf" - 0 Error(s), 0 Warning(s).

<h2>Software Packages used:</h2>

Package Vendor: ARM
                http://www.keil.com/pack/ARM.CMSIS.5.7.0.pack
                ARM.CMSIS.5.7.0
                CMSIS (Cortex Microcontroller Software Interface Standard)
   * Component: CORE Version: 5.4.0

Package Vendor: Keil
                http://www.keil.com/pack/Keil.STM32L0xx_DFP.2.0.1.pack
                Keil.STM32L0xx_DFP.2.0.1
                STMicroelectronics STM32L0 Series Device Support, Drivers and Examples

<h2>Collection of Component include folders:</h2>
  .\RTE\_RS9116_ATCommand
  C:\Users\tpadc\AppData\Local\Arm\Packs\ARM\CMSIS\5.7.0\CMSIS\Core\Include
  C:\Users\tpadc\AppData\Local\Arm\Packs\Keil\STM32L0xx_DFP\2.0.1\Drivers\CMSIS\Device\ST\STM32L0xx\Include

<h2>Collection of Component Files used:</h2>

   * Component: ARM::CMSIS:CORE:5.4.0
Build Time Elapsed:  00:00:03
</pre>
</body>
</html>
