Component: ARM Compiler 5.06 update 6 (build 750) Tool: armlink [4d35ed]

==============================================================================

Section Cross References

    startup_stm32l011xx.o(RESET) refers to startup_stm32l011xx.o(STACK) for __initial_sp
    startup_stm32l011xx.o(RESET) refers to startup_stm32l011xx.o(.text) for Reset_Handler
    startup_stm32l011xx.o(RESET) refers to stm32l0xx_it.o(i.NMI_Handler) for NMI_Handler
    startup_stm32l011xx.o(RESET) refers to stm32l0xx_it.o(i.HardFault_Handler) for HardFault_Handler
    startup_stm32l011xx.o(RESET) refers to stm32l0xx_it.o(i.SVC_Handler) for SVC_Handler
    startup_stm32l011xx.o(RESET) refers to stm32l0xx_it.o(i.PendSV_Handler) for PendSV_Handler
    startup_stm32l011xx.o(RESET) refers to stm32l0xx_it.o(i.SysTick_Handler) for SysTick_Handler
    startup_stm32l011xx.o(RESET) refers to stm32l0xx_it.o(i.DMA1_Channel2_3_IRQHandler) for DMA1_Channel2_3_IRQHandler
    startup_stm32l011xx.o(RESET) refers to stm32l0xx_it.o(i.USART2_IRQHandler) for USART2_IRQHandler
    startup_stm32l011xx.o(.text) refers to startup_stm32l011xx.o(STACK) for __initial_sp
    startup_stm32l011xx.o(.text) refers to system_stm32l0xx.o(i.SystemInit) for SystemInit
    startup_stm32l011xx.o(.text) refers to entry.o(.ARM.Collect$$$$00000000) for __main
    main.o(i.MX_GPIO_Init) refers to memseta.o(.text) for __aeabi_memclr4
    main.o(i.MX_GPIO_Init) refers to stm32l0xx_hal_gpio.o(i.HAL_GPIO_WritePin) for HAL_GPIO_WritePin
    main.o(i.MX_GPIO_Init) refers to stm32l0xx_hal_gpio.o(i.HAL_GPIO_Init) for HAL_GPIO_Init
    main.o(i.SystemClock_Config) refers to memseta.o(.text) for __aeabi_memclr4
    main.o(i.SystemClock_Config) refers to stm32l0xx_hal_rcc.o(i.HAL_RCC_OscConfig) for HAL_RCC_OscConfig
    main.o(i.SystemClock_Config) refers to main.o(i.Error_Handler) for Error_Handler
    main.o(i.SystemClock_Config) refers to stm32l0xx_hal_rcc.o(i.HAL_RCC_ClockConfig) for HAL_RCC_ClockConfig
    main.o(i.SystemClock_Config) refers to stm32l0xx_hal_rcc_ex.o(i.HAL_RCCEx_PeriphCLKConfig) for HAL_RCCEx_PeriphCLKConfig
    main.o(i.main) refers to stm32l0xx_hal.o(i.HAL_Init) for HAL_Init
    main.o(i.main) refers to main.o(i.SystemClock_Config) for SystemClock_Config
    main.o(i.main) refers to main.o(i.MX_GPIO_Init) for MX_GPIO_Init
    main.o(i.main) refers to bsp_uart.o(i.BSP_UART_Init) for BSP_UART_Init
    main.o(i.main) refers to bsp_rf.o(i.BSP_RF_RS9116_Init) for BSP_RF_RS9116_Init
    main.o(i.main) refers to bsp_rf.o(i.BSP_RF_get_module_status) for BSP_RF_get_module_status
    main.o(i.main) refers to bsp_rf.o(i.BSP_RF_RS9116_WIFI_Connect) for BSP_RF_RS9116_WIFI_Connect
    main.o(i.main) refers to bsp_rf.o(i.BSP_RF_RS9116_MQTT_Connect) for BSP_RF_RS9116_MQTT_Connect
    main.o(i.main) refers to stm32l0xx_hal.o(i.HAL_Delay) for HAL_Delay
    stm32l0xx_it.o(i.DMA1_Channel2_3_IRQHandler) refers to stm32l0xx_hal_dma.o(i.HAL_DMA_IRQHandler) for HAL_DMA_IRQHandler
    stm32l0xx_it.o(i.DMA1_Channel2_3_IRQHandler) refers to bsp_uart.o(.bss) for hdma_usart2_rx
    stm32l0xx_it.o(i.SysTick_Handler) refers to stm32l0xx_hal.o(i.HAL_IncTick) for HAL_IncTick
    stm32l0xx_it.o(i.USART2_IRQHandler) refers to bsp_uart.o(i.BSP_UART_StopDMA) for BSP_UART_StopDMA
    stm32l0xx_it.o(i.USART2_IRQHandler) refers to bsp_rf.o(i.BSP_UART_RX_DMA_Character_Martch_IT_Handler) for BSP_UART_RX_DMA_Character_Martch_IT_Handler
    stm32l0xx_it.o(i.USART2_IRQHandler) refers to stm32l0xx_hal_uart.o(i.HAL_UART_IRQHandler) for HAL_UART_IRQHandler
    stm32l0xx_it.o(i.USART2_IRQHandler) refers to bsp_uart.o(.bss) for huart
    stm32l0xx_hal_msp.o(i.HAL_UART_MspDeInit) refers to stm32l0xx_hal_gpio.o(i.HAL_GPIO_DeInit) for HAL_GPIO_DeInit
    stm32l0xx_hal_msp.o(i.HAL_UART_MspDeInit) refers to stm32l0xx_hal_dma.o(i.HAL_DMA_DeInit) for HAL_DMA_DeInit
    stm32l0xx_hal_msp.o(i.HAL_UART_MspDeInit) refers to stm32l0xx_hal_cortex.o(i.HAL_NVIC_DisableIRQ) for HAL_NVIC_DisableIRQ
    stm32l0xx_hal_msp.o(i.HAL_UART_MspInit) refers to memseta.o(.text) for __aeabi_memclr4
    stm32l0xx_hal_msp.o(i.HAL_UART_MspInit) refers to stm32l0xx_hal_gpio.o(i.HAL_GPIO_Init) for HAL_GPIO_Init
    stm32l0xx_hal_msp.o(i.HAL_UART_MspInit) refers to stm32l0xx_hal_dma.o(i.HAL_DMA_Init) for HAL_DMA_Init
    stm32l0xx_hal_msp.o(i.HAL_UART_MspInit) refers to stm32l0xx_hal_cortex.o(i.HAL_NVIC_SetPriority) for HAL_NVIC_SetPriority
    stm32l0xx_hal_msp.o(i.HAL_UART_MspInit) refers to stm32l0xx_hal_cortex.o(i.HAL_NVIC_EnableIRQ) for HAL_NVIC_EnableIRQ
    stm32l0xx_hal_msp.o(i.HAL_UART_MspInit) refers to bsp_uart.o(.bss) for hdma_usart2_rx
    stm32l0xx_hal_uart.o(i.HAL_HalfDuplex_Init) refers to stm32l0xx_hal_msp.o(i.HAL_UART_MspInit) for HAL_UART_MspInit
    stm32l0xx_hal_uart.o(i.HAL_HalfDuplex_Init) refers to stm32l0xx_hal_uart.o(i.UART_SetConfig) for UART_SetConfig
    stm32l0xx_hal_uart.o(i.HAL_HalfDuplex_Init) refers to stm32l0xx_hal_uart.o(i.UART_AdvFeatureConfig) for UART_AdvFeatureConfig
[...]
    stm32l0xx_hal_flash_ex.o(i.FLASH_PageErase) refers to stm32l0xx_hal_flash.o(.bss) for pFlash
    stm32l0xx_hal_flash_ex.o(i.HAL_FLASHEx_AdvOBProgram) refers to stm32l0xx_hal_flash_ex.o(i.FLASH_OB_ProtectedSectorsConfig) for FLASH_OB_ProtectedSectorsConfig
    stm32l0xx_hal_flash_ex.o(i.HAL_FLASHEx_DATAEEPROM_Erase) refers to stm32l0xx_hal_flash.o(i.FLASH_WaitForLastOperation) for FLASH_WaitForLastOperation
    stm32l0xx_hal_flash_ex.o(i.HAL_FLASHEx_DATAEEPROM_Erase) refers to stm32l0xx_hal_flash.o(.bss) for pFlash
    stm32l0xx_hal_flash_ex.o(i.HAL_FLASHEx_DATAEEPROM_Program) refers to stm32l0xx_hal_flash.o(i.FLASH_WaitForLastOperation) for FLASH_WaitForLastOperation
    stm32l0xx_hal_flash_ex.o(i.HAL_FLASHEx_DATAEEPROM_Program) refers to stm32l0xx_hal_flash.o(.bss) for pFlash
    stm32l0xx_hal_flash_ex.o(i.HAL_FLASHEx_Erase) refers to stm32l0xx_hal_flash.o(i.FLASH_WaitForLastOperation) for FLASH_WaitForLastOperation
    stm32l0xx_hal_flash_ex.o(i.HAL_FLASHEx_Erase) refers to stm32l0xx_hal_flash_ex.o(i.FLASH_PageErase) for FLASH_PageErase
    stm32l0xx_hal_flash_ex.o(i.HAL_FLASHEx_Erase) refers to stm32l0xx_hal_flash.o(.bss) for pFlash
    stm32l0xx_hal_flash_ex.o(i.HAL_FLASHEx_Erase_IT) refers to stm32l0xx_hal_flash.o(i.FLASH_WaitForLastOperation) for FLASH_WaitForLastOperation
    stm32l0xx_hal_flash_ex.o(i.HAL_FLASHEx_Erase_IT) refers to stm32l0xx_hal_flash_ex.o(i.FLASH_PageErase) for FLASH_PageErase
    stm32l0xx_hal_flash_ex.o(i.HAL_FLASHEx_Erase_IT) refers to stm32l0xx_hal_flash.o(.bss) for pFlash
    stm32l0xx_hal_flash_ex.o(i.HAL_FLASHEx_OBGetConfig) refers to stm32l0xx_hal_flash_ex.o(i.FLASH_OB_GetWRP) for FLASH_OB_GetWRP
    stm32l0xx_hal_flash_ex.o(i.HAL_FLASHEx_OBGetConfig) refers to stm32l0xx_hal_flash_ex.o(i.FLASH_OB_GetRDP) for FLASH_OB_GetRDP
    stm32l0xx_hal_flash_ex.o(i.HAL_FLASHEx_OBGetConfig) refers to stm32l0xx_hal_flash_ex.o(i.FLASH_OB_GetUser) for FLASH_OB_GetUser
    stm32l0xx_hal_flash_ex.o(i.HAL_FLASHEx_OBGetConfig) refers to stm32l0xx_hal_flash_ex.o(i.FLASH_OB_GetBOR) for FLASH_OB_GetBOR
    stm32l0xx_hal_flash_ex.o(i.HAL_FLASHEx_OBGetConfig) refers to stm32l0xx_hal_flash_ex.o(i.FLASH_OB_GetBOOTBit1) for FLASH_OB_GetBOOTBit1
    stm32l0xx_hal_flash_ex.o(i.HAL_FLASHEx_OBProgram) refers to stm32l0xx_hal_flash_ex.o(i.FLASH_OB_ProtectedSectorsConfig) for FLASH_OB_ProtectedSectorsConfig
    stm32l0xx_hal_flash_ex.o(i.HAL_FLASHEx_OBProgram) refers to stm32l0xx_hal_flash_ex.o(i.FLASH_OB_RDPConfig) for FLASH_OB_RDPConfig
    stm32l0xx_hal_flash_ex.o(i.HAL_FLASHEx_OBProgram) refers to stm32l0xx_hal_flash_ex.o(i.FLASH_OB_UserConfig) for FLASH_OB_UserConfig
    stm32l0xx_hal_flash_ex.o(i.HAL_FLASHEx_OBProgram) refers to stm32l0xx_hal_flash_ex.o(i.FLASH_OB_BORConfig) for FLASH_OB_BORConfig
    stm32l0xx_hal_flash_ex.o(i.HAL_FLASHEx_OBProgram) refers to stm32l0xx_hal_flash_ex.o(i.FLASH_OB_BOOTBit1Config) for FLASH_OB_BOOTBit1Config
    stm32l0xx_hal_flash_ex.o(i.HAL_FLASHEx_OBProgram) refers to stm32l0xx_hal_flash.o(.bss) for pFlash
    stm32l0xx_hal_flash_ex.o(i.HAL_FLASHEx_OB_DeSelectPCROP) refers to stm32l0xx_hal_flash.o(i.FLASH_WaitForLastOperation) for FLASH_WaitForLastOperation
    stm32l0xx_hal_flash_ex.o(i.HAL_FLASHEx_OB_DeSelectPCROP) refers to stm32l0xx_hal_flash.o(.bss) for pFlash
    stm32l0xx_hal_flash_ex.o(i.HAL_FLASHEx_OB_SelectPCROP) refers to stm32l0xx_hal_flash.o(i.FLASH_WaitForLastOperation) for FLASH_WaitForLastOperation
    stm32l0xx_hal_flash_ex.o(i.HAL_FLASHEx_OB_SelectPCROP) refers to stm32l0xx_hal_flash.o(.bss) for pFlash
    stm32l0xx_hal_gpio.o(i.HAL_GPIO_EXTI_IRQHandler) refers to stm32l0xx_hal_gpio.o(i.HAL_GPIO_EXTI_Callback) for HAL_GPIO_EXTI_Callback
    stm32l0xx_hal_dma.o(i.HAL_DMA_DeInit) refers to uidiv.o(.text) for __aeabi_uidivmod
    stm32l0xx_hal_dma.o(i.HAL_DMA_Init) refers to uidiv.o(.text) for __aeabi_uidivmod
    stm32l0xx_hal_dma.o(i.HAL_DMA_PollForTransfer) refers to stm32l0xx_hal.o(i.HAL_GetTick) for HAL_GetTick
    stm32l0xx_hal_dma.o(i.HAL_DMA_Start) refers to stm32l0xx_hal_dma.o(i.DMA_SetConfig) for DMA_SetConfig
    stm32l0xx_hal_dma.o(i.HAL_DMA_Start_IT) refers to stm32l0xx_hal_dma.o(i.DMA_SetConfig) for DMA_SetConfig
    stm32l0xx_hal_dma.o(i.HAL_DMA_UnRegisterCallback) refers to stm32l0xx_hal_dma.o(i.__ARM_common_switch8) for __ARM_common_switch8
    stm32l0xx_hal_pwr.o(i.HAL_PWR_PVD_IRQHandler) refers to stm32l0xx_hal_pwr.o(i.HAL_PWR_PVDCallback) for HAL_PWR_PVDCallback
    stm32l0xx_hal_pwr_ex.o(i.HAL_PWREx_DisableLowPowerRunMode) refers to uidiv.o(.text) for __aeabi_uidivmod
    stm32l0xx_hal_pwr_ex.o(i.HAL_PWREx_DisableLowPowerRunMode) refers to system_stm32l0xx.o(.data) for SystemCoreClock
    stm32l0xx_hal_cortex.o(i.HAL_NVIC_SetPriority) refers to stm32l0xx_hal_cortex.o(i.NVIC_SetPriority) for NVIC_SetPriority
    stm32l0xx_hal_cortex.o(i.HAL_SYSTICK_Config) refers to stm32l0xx_hal_cortex.o(i.NVIC_SetPriority) for NVIC_SetPriority
    stm32l0xx_hal_cortex.o(i.HAL_SYSTICK_IRQHandler) refers to stm32l0xx_hal_cortex.o(i.HAL_SYSTICK_Callback) for HAL_SYSTICK_Callback
    system_stm32l0xx.o(i.SystemCoreClockUpdate) refers to uidiv.o(.text) for __aeabi_uidivmod
    system_stm32l0xx.o(i.SystemCoreClockUpdate) refers to system_stm32l0xx.o(.data) for SystemCoreClock
    system_stm32l0xx.o(i.SystemCoreClockUpdate) refers to system_stm32l0xx.o(.constdata) for PLLMulTable
    bsp_uart.o(i.BSP_UART_DeInit) refers to stm32l0xx_hal_uart.o(i.HAL_UART_DeInit) for HAL_UART_DeInit
    bsp_uart.o(i.BSP_UART_DeInit) refers to bsp_uart.o(.bss) for huart
    bsp_uart.o(i.BSP_UART_Init) refers to stm32l0xx_hal_uart.o(i.HAL_UART_Init) for HAL_UART_Init
    bsp_uart.o(i.BSP_UART_Init) refers to bsp_uart.o(.bss) for huart
    bsp_uart.o(i.BSP_UART_ReceiveBlocking) refers to stm32l0xx_hal_uart.o(i.HAL_UART_Receive) for HAL_UART_Receive
    bsp_uart.o(i.BSP_UART_ReceiveBlocking) refers to bsp_uart.o(.bss) for huart
    bsp_uart.o(i.BSP_UART_ReceiveDMA) refers to stm32l0xx_hal_uart.o(i.HAL_UART_Receive_DMA) for HAL_UART_Receive_DMA
    bsp_uart.o(i.BSP_UART_ReceiveDMA) refers to bsp_uart.o(.data) for m_is_rx_done
    bsp_uart.o(i.BSP_UART_ReceiveDMA) refers to bsp_uart.o(.bss) for huart
    bsp_uart.o(i.BSP_UART_StopDMA) refers to stm32l0xx_hal_uart.o(i.HAL_UART_DMAStop) for HAL_UART_DMAStop
    bsp_uart.o(i.BSP_UART_StopDMA) refers to bsp_uart.o(.data) for m_is_rx_done
    bsp_uart.o(i.BSP_UART_StopDMA) refers to bsp_uart.o(.bss) for huart
    bsp_uart.o(i.BSP_UART_TransmitBlocking) refers to stm32l0xx_hal_uart.o(i.HAL_UART_Transmit) for HAL_UART_Transmit
    bsp_uart.o(i.BSP_UART_TransmitBlocking) refers to bsp_uart.o(.data) for m_is_tx_done
    bsp_uart.o(i.BSP_UART_TransmitBlocking) refers to bsp_uart.o(.bss) for huart
    bsp_uart.o(i.BSP_UART_TransmitDMA) refers to stm32l0xx_hal_uart.o(i.HAL_UART_Transmit_DMA) for HAL_UART_Transmit_DMA
    bsp_uart.o(i.BSP_UART_TransmitDMA) refers to bsp_uart.o(.bss) for huart
    bsp_uart.o(i.DMA_RX_Status) refers to bsp_uart.o(.data) for m_is_rx_done
    bsp_uart.o(i.HAL_UART_TxCpltCallback) refers to bsp_uart.o(.bss) for huart
    bsp_uart.o(i.HAL_UART_TxCpltCallback) refers to bsp_uart.o(.data) for m_is_tx_done
    bsp_uart.o(i.fputc) refers to stm32l0xx_hal_uart.o(i.HAL_UART_Transmit) for HAL_UART_Transmit
    bsp_uart.o(i.fputc) refers to bsp_uart.o(.bss) for huart
    bsp_rf.o(i.BSP_RF_AT_Command_Communication) refers to bsp_uart.o(i.BSP_UART_TransmitBlocking) for BSP_UART_TransmitBlocking
    bsp_rf.o(i.BSP_RF_AT_Command_Communication) refers to strlen.o(.text) for strlen
    bsp_rf.o(i.BSP_RF_AT_Command_Communication) refers to bsp_rf.o(i.BSP_RF_Start_dma_receive) for BSP_RF_Start_dma_receive
    bsp_rf.o(i.BSP_RF_AT_Command_Communication) refers to stm32l0xx_hal.o(i.HAL_GetTick) for HAL_GetTick
    bsp_rf.o(i.BSP_RF_AT_Command_Communication) refers to bsp_rf.o(.constdata) for rsi_cmd
    bsp_rf.o(i.BSP_RF_AT_Command_Communication) refers to bsp_rf.o(.bss) for rf
    bsp_rf.o(i.BSP_RF_AT_Command_Send) refers to bsp_uart.o(i.BSP_UART_TransmitBlocking) for BSP_UART_TransmitBlocking
    bsp_rf.o(i.BSP_RF_AT_Command_Send) refers to strlen.o(.text) for strlen
    bsp_rf.o(i.BSP_RF_AT_Command_Send) refers to bsp_rf.o(.constdata) for rsi_cmd
    bsp_rf.o(i.BSP_RF_AT_Send_Char) refers to bsp_uart.o(i.BSP_UART_TransmitBlocking) for BSP_UART_TransmitBlocking
    bsp_rf.o(i.BSP_RF_AT_Send_FS) refers to bsp_uart.o(i.BSP_UART_TransmitBlocking) for BSP_UART_TransmitBlocking
    bsp_rf.o(i.BSP_RF_AT_Send_FS) refers to bsp_rf.o(.constdata) for rsi_cmd
    bsp_rf.o(i.BSP_RF_Clear_buffer) refers to memseta.o(.text) for __aeabi_memclr
    bsp_rf.o(i.BSP_RF_Get_DMA_RX_Status) refers to bsp_uart.o(i.DMA_RX_Status) for DMA_RX_Status
    bsp_rf.o(i.BSP_RF_RS9116_Init) refers to bsp_rf.o(i.BSP_RF_AT_Command_Send) for BSP_RF_AT_Command_Send
    bsp_rf.o(i.BSP_RF_RS9116_Init) refers to stm32l0xx_hal.o(i.HAL_Delay) for HAL_Delay
    bsp_rf.o(i.BSP_RF_RS9116_Init) refers to bsp_rf.o(i.BSP_RF_AT_Send_FS) for BSP_RF_AT_Send_FS
    bsp_rf.o(i.BSP_RF_RS9116_Init) refers to bsp_rf.o(i.BSP_RF_AT_Send_Char) for BSP_RF_AT_Send_Char
    bsp_rf.o(i.BSP_RF_RS9116_Init) refers to bsp_rf.o(i.BSP_RF_set_status) for BSP_RF_set_status
    bsp_rf.o(i.BSP_RF_RS9116_Init) refers to strlen.o(.text) for strlen
    bsp_rf.o(i.BSP_RF_RS9116_Init) refers to memseta.o(.text) for __aeabi_memclr
    bsp_rf.o(i.BSP_RF_RS9116_Init) refers to strcat.o(.text) for strcat
    bsp_rf.o(i.BSP_RF_RS9116_Init) refers to bsp_rf.o(i.BSP_RF_AT_Command_Communication) for BSP_RF_AT_Command_Communication
    bsp_rf.o(i.BSP_RF_RS9116_Init) refers to bsp_rf.o(.constdata) for rsi_cmd
    bsp_rf.o(i.BSP_RF_RS9116_Init) refers to bsp_rf.o(.bss) for rf
    bsp_rf.o(i.BSP_RF_RS9116_Init) refers to bsp_rf.o(.data) for rsi_data
    bsp_rf.o(i.BSP_RF_RS9116_MQTT_Connect) refers to strlen.o(.text) for strlen
    bsp_rf.o(i.BSP_RF_RS9116_MQTT_Connect) refers to memseta.o(.text) for __aeabi_memclr
    bsp_rf.o(i.BSP_RF_RS9116_MQTT_Connect) refers to strcat.o(.text) for strcat
    bsp_rf.o(i.BSP_RF_RS9116_MQTT_Connect) refers to bsp_rf.o(i.BSP_RF_AT_Command_Communication) for BSP_RF_AT_Command_Communication
    bsp_rf.o(i.BSP_RF_RS9116_MQTT_Connect) refers to bsp_rf.o(.bss) for rf
    bsp_rf.o(i.BSP_RF_RS9116_MQTT_Connect) refers to bsp_rf.o(.constdata) for rsi_cmd
    bsp_rf.o(i.BSP_RF_RS9116_MQTT_Connect) refers to bsp_rf.o(.data) for AWS_endpoint
    bsp_rf.o(i.BSP_RF_RS9116_WIFI_Connect) refers to strlen.o(.text) for strlen
    bsp_rf.o(i.BSP_RF_RS9116_WIFI_Connect) refers to memseta.o(.text) for __aeabi_memclr
    bsp_rf.o(i.BSP_RF_RS9116_WIFI_Connect) refers to strcat.o(.text) for strcat
    bsp_rf.o(i.BSP_RF_RS9116_WIFI_Connect) refers to bsp_uart.o(i.BSP_UART_TransmitBlocking) for BSP_UART_TransmitBlocking
    bsp_rf.o(i.BSP_RF_RS9116_WIFI_Connect) refers to bsp_rf.o(i.BSP_RF_Start_dma_receive) for BSP_RF_Start_dma_receive
    bsp_rf.o(i.BSP_RF_RS9116_WIFI_Connect) refers to stm32l0xx_hal.o(i.HAL_GetTick) for HAL_GetTick
    bsp_rf.o(i.BSP_RF_RS9116_WIFI_Connect) refers to bsp_rf.o(i.BSP_RF_get_module_status) for BSP_RF_get_module_status
    bsp_rf.o(i.BSP_RF_RS9116_WIFI_Connect) refers to bsp_rf.o(i.BSP_RF_AT_Command_Communication) for BSP_RF_AT_Command_Communication
    bsp_rf.o(i.BSP_RF_RS9116_WIFI_Connect) refers to bsp_rf.o(.bss) for rf
    bsp_rf.o(i.BSP_RF_RS9116_WIFI_Connect) refers to bsp_rf.o(.constdata) for rsi_cmd
    bsp_rf.o(i.BSP_RF_RS9116_WIFI_Connect) refers to bsp_rf.o(.data) for rsi_data
    bsp_rf.o(i.BSP_RF_Start_dma_receive) refers to bsp_rf.o(i.BSP_RF_Get_DMA_RX_Status) for BSP_RF_Get_DMA_RX_Status
    bsp_rf.o(i.BSP_RF_Start_dma_receive) refers to bsp_uart.o(i.BSP_UART_ReceiveDMA) for BSP_UART_ReceiveDMA
    bsp_rf.o(i.BSP_RF_Start_dma_receive) refers to bsp_rf.o(.bss) for rf
    bsp_rf.o(i.BSP_RF_get_module_status) refers to bsp_rf.o(.bss) for rf
    bsp_rf.o(i.BSP_RF_set_status) refers to bsp_rf.o(.bss) for rf
    bsp_rf.o(i.BSP_UART_RX_DMA_Character_Martch_IT_Handler) refers to memcmp.o(.text) for memcmp
    bsp_rf.o(i.BSP_UART_RX_DMA_Character_Martch_IT_Handler) refers to strlen.o(.text) for strlen
    bsp_rf.o(i.BSP_UART_RX_DMA_Character_Martch_IT_Handler) refers to memseta.o(.text) for __aeabi_memclr4
    bsp_rf.o(i.BSP_UART_RX_DMA_Character_Martch_IT_Handler) refers to stm32l0xx_hal_dma.o(i.__ARM_common_switch8) for __ARM_common_switch8
    bsp_rf.o(i.BSP_UART_RX_DMA_Character_Martch_IT_Handler) refers to bsp_rf.o(i.BSP_RF_set_status) for BSP_RF_set_status
    bsp_rf.o(i.BSP_UART_RX_DMA_Character_Martch_IT_Handler) refers to bsp_rf.o(.bss) for rf
    bsp_rf.o(i.BSP_UART_RX_DMA_Character_Martch_IT_Handler) refers to bsp_rf.o(.constdata) for rsi_cmd
    bsp_rf.o(.constdata) refers to bsp_rf.o(.conststring) for .conststring
    bsp_rf.o(.data) refers to bsp_rf.o(.conststring) for .conststring
    soft_timer.o(i.OC_ctor) refers to soft_timer.o(i.ST_ctor) for ST_ctor
    soft_timer.o(i.OC_ctor) refers to soft_timer.o(i.ST_setTick) for ST_setTick
    soft_timer.o(i.OC_startTick) refers to soft_timer.o(i.ST_setTick) for ST_setTick
    soft_timer.o(i.OC_stopTick) refers to soft_timer.o(i.ST_stopTick) for ST_stopTick
    soft_timer.o(i.OC_tickHandler) refers to soft_timer.o(i.ST_tickHandler) for ST_tickHandler
    entry.o(.ARM.Collect$$$$00000000) refers (Special) to entry10a.o(.ARM.Collect$$$$0000000D) for __rt_final_cpp
    entry.o(.ARM.Collect$$$$00000000) refers (Special) to entry11a.o(.ARM.Collect$$$$0000000F) for __rt_final_exit
    entry.o(.ARM.Collect$$$$00000000) refers (Special) to entry7b.o(.ARM.Collect$$$$00000008) for _main_clock
    entry.o(.ARM.Collect$$$$00000000) refers (Special) to entry8b.o(.ARM.Collect$$$$0000000A) for _main_cpp_init
    entry.o(.ARM.Collect$$$$00000000) refers (Special) to entry9a.o(.ARM.Collect$$$$0000000B) for _main_init
    entry.o(.ARM.Collect$$$$00000000) refers (Special) to entry5.o(.ARM.Collect$$$$00000004) for _main_scatterload
    entry.o(.ARM.Collect$$$$00000000) refers (Special) to entry2.o(.ARM.Collect$$$$00000001) for _main_stk
    uldiv.o(.text) refers to llushr.o(.text) for __aeabi_llsr
    uldiv.o(.text) refers to llshl.o(.text) for __aeabi_llsl
    entry2.o(.ARM.Collect$$$$00000001) refers to entry2.o(.ARM.Collect$$$$00002712) for __lit__00000000
    entry2.o(.ARM.Collect$$$$00002712) refers to startup_stm32l011xx.o(STACK) for __initial_sp
    entry2.o(__vectab_stack_and_reset_area) refers to startup_stm32l011xx.o(STACK) for __initial_sp
    entry2.o(__vectab_stack_and_reset_area) refers to entry.o(.ARM.Collect$$$$00000000) for __main
    entry5.o(.ARM.Collect$$$$00000004) refers to init.o(.text) for __scatterload
    entry9a.o(.ARM.Collect$$$$0000000B) refers to main.o(i.main) for main
    entry9b.o(.ARM.Collect$$$$0000000C) refers to main.o(i.main) for main
    init.o(.text) refers to entry5.o(.ARM.Collect$$$$00000004) for __main_after_scatterload


==============================================================================

Removing Unused input sections from the image.

    Removing startup_stm32l011xx.o(HEAP), (512 bytes).
    Removing main.o(.rev16_text), (4 bytes).
    Removing main.o(.revsh_text), (4 bytes).
    Removing stm32l0xx_it.o(.rev16_text), (4 bytes).
    Removing stm32l0xx_it.o(.revsh_text), (4 bytes).
    Removing stm32l0xx_hal_msp.o(.rev16_text), (4 bytes).
    Removing stm32l0xx_hal_msp.o(.revsh_text), (4 bytes).
    Removing stm32l0xx_hal_msp.o(i.HAL_UART_MspDeInit), (76 bytes).
    Removing stm32l0xx_hal_tim.o(.rev16_text), (4 bytes).
    Removing stm32l0xx_hal_tim.o(.revsh_text), (4 bytes).
    Removing stm32l0xx_hal_tim_ex.o(.rev16_text), (4 bytes).
    Removing stm32l0xx_hal_tim_ex.o(.revsh_text), (4 bytes).
    Removing stm32l0xx_hal_uart.o(.rev16_text), (4 bytes).
    Removing stm32l0xx_hal_uart.o(.revsh_text), (4 bytes).
    Removing stm32l0xx_hal_uart.o(i.HAL_HalfDuplex_EnableReceiver), (70 bytes).
    Removing stm32l0xx_hal_uart.o(i.HAL_HalfDuplex_EnableTransmitter), (70 bytes).
    Removing stm32l0xx_hal_uart.o(i.HAL_HalfDuplex_Init), (128 bytes).
    Removing stm32l0xx_hal_uart.o(i.HAL_LIN_Init), (170 bytes).
    Removing stm32l0xx_hal_uart.o(i.HAL_LIN_SendBreak), (58 bytes).
    Removing stm32l0xx_hal_uart.o(i.HAL_MultiProcessor_DisableMuteMode), (54 bytes).
    Removing stm32l0xx_hal_uart.o(i.HAL_MultiProcessor_EnableMuteMode), (54 bytes).
    Removing stm32l0xx_hal_uart.o(i.HAL_MultiProcessor_EnterMuteMode), (14 bytes).
    Removing stm32l0xx_hal_uart.o(i.HAL_MultiProcessor_Init), (160 bytes).
    Removing stm32l0xx_hal_uart.o(i.HAL_UART_Abort), (196 bytes).
    Removing stm32l0xx_hal_uart.o(i.HAL_UART_AbortCpltCallback), (2 bytes).
    Removing stm32l0xx_hal_uart.o(i.HAL_UART_AbortReceive), (124 bytes).
    Removing stm32l0xx_hal_uart.o(i.HAL_UART_AbortReceiveCpltCallback), (2 bytes).
    Removing stm32l0xx_hal_uart.o(i.HAL_UART_AbortReceive_IT), (156 bytes).
    Removing stm32l0xx_hal_uart.o(i.HAL_UART_AbortTransmit), (92 bytes).
    Removing stm32l0xx_hal_uart.o(i.HAL_UART_AbortTransmitCpltCallback), (2 bytes).
    Removing stm32l0xx_hal_uart.o(i.HAL_UART_AbortTransmit_IT), (120 bytes).
    Removing stm32l0xx_hal_uart.o(i.HAL_UART_Abort_IT), (256 bytes).
    Removing stm32l0xx_hal_uart.o(i.HAL_UART_DMAPause), (122 bytes).
    Removing stm32l0xx_hal_uart.o(i.HAL_UART_DMAResume), (106 bytes).
    Removing stm32l0xx_hal_uart.o(i.HAL_UART_DeInit), (70 bytes).
    Removing stm32l0xx_hal_uart.o(i.HAL_UART_ErrorCallback), (2 bytes).
    Removing stm32l0xx_hal_uart.o(i.HAL_UART_GetError), (6 bytes).
    Removing stm32l0xx_hal_uart.o(i.HAL_UART_GetState), (12 bytes).
    Removing stm32l0xx_hal_uart.o(i.HAL_UART_MspDeInit), (2 bytes).
    Removing stm32l0xx_hal_uart.o(i.HAL_UART_MspInit), (2 bytes).
    Removing stm32l0xx_hal_uart.o(i.HAL_UART_Receive), (352 bytes).
    Removing stm32l0xx_hal_uart.o(i.HAL_UART_Receive_IT), (280 bytes).
    Removing stm32l0xx_hal_uart.o(i.HAL_UART_RxCpltCallback), (2 bytes).
    Removing stm32l0xx_hal_uart.o(i.HAL_UART_Transmit_DMA), (216 bytes).
    Removing stm32l0xx_hal_uart.o(i.HAL_UART_Transmit_IT), (156 bytes).
    Removing stm32l0xx_hal_uart.o(i.HAL_UART_TxCpltCallback), (2 bytes).
    Removing stm32l0xx_hal_uart.o(i.HAL_UART_TxHalfCpltCallback), (2 bytes).
    Removing stm32l0xx_hal_uart.o(i.UART_DMARxAbortCallback), (76 bytes).
    Removing stm32l0xx_hal_uart.o(i.UART_DMARxOnlyAbortCallback), (42 bytes).
    Removing stm32l0xx_hal_uart.o(i.UART_DMATransmitCplt), (58 bytes).
    Removing stm32l0xx_hal_uart.o(i.UART_DMATxAbortCallback), (64 bytes).
    Removing stm32l0xx_hal_uart.o(i.UART_DMATxHalfCplt), (14 bytes).
    Removing stm32l0xx_hal_uart.o(i.UART_DMATxOnlyAbortCallback), (24 bytes).
    Removing stm32l0xx_hal_uart.o(i.UART_RxISR_16BIT), (108 bytes).
    Removing stm32l0xx_hal_uart.o(i.UART_RxISR_8BIT), (108 bytes).
    Removing stm32l0xx_hal_uart.o(i.UART_TxISR_16BIT), (72 bytes).
    Removing stm32l0xx_hal_uart.o(i.UART_TxISR_8BIT), (68 bytes).
    Removing stm32l0xx_hal_uart_ex.o(.rev16_text), (4 bytes).
    Removing stm32l0xx_hal_uart_ex.o(.revsh_text), (4 bytes).
    Removing stm32l0xx_hal_uart_ex.o(i.HAL_MultiProcessorEx_AddressLength_Set), (64 bytes).
    Removing stm32l0xx_hal_uart_ex.o(i.HAL_RS485Ex_Init), (156 bytes).
    Removing stm32l0xx_hal_uart_ex.o(i.HAL_UARTEx_DisableClockStopMode), (50 bytes).
    Removing stm32l0xx_hal_uart_ex.o(i.HAL_UARTEx_DisableStopMode), (50 bytes).
    Removing stm32l0xx_hal_uart_ex.o(i.HAL_UARTEx_EnableClockStopMode), (50 bytes).
    Removing stm32l0xx_hal_uart_ex.o(i.HAL_UARTEx_EnableStopMode), (50 bytes).
    Removing stm32l0xx_hal_uart_ex.o(i.HAL_UARTEx_StopModeWakeUpSourceConfig), (148 bytes).
    Removing stm32l0xx_hal_uart_ex.o(i.UARTEx_Wakeup_AddressConfig), (42 bytes).
    Removing stm32l0xx_hal.o(.rev16_text), (4 bytes).
    Removing stm32l0xx_hal.o(.revsh_text), (4 bytes).
    Removing stm32l0xx_hal.o(i.HAL_DBGMCU_DBG_DisableLowPowerConfig), (16 bytes).
    Removing stm32l0xx_hal.o(i.HAL_DBGMCU_DBG_EnableLowPowerConfig), (16 bytes).
    Removing stm32l0xx_hal.o(i.HAL_DBGMCU_DisableDBGSleepMode), (20 bytes).
    Removing stm32l0xx_hal.o(i.HAL_DBGMCU_DisableDBGStandbyMode), (20 bytes).
    Removing stm32l0xx_hal.o(i.HAL_DBGMCU_DisableDBGStopMode), (20 bytes).
    Removing stm32l0xx_hal.o(i.HAL_DBGMCU_EnableDBGSleepMode), (20 bytes).
    Removing stm32l0xx_hal.o(i.HAL_DBGMCU_EnableDBGStandbyMode), (20 bytes).
    Removing stm32l0xx_hal.o(i.HAL_DBGMCU_EnableDBGStopMode), (20 bytes).
    Removing stm32l0xx_hal.o(i.HAL_DeInit), (52 bytes).
    Removing stm32l0xx_hal.o(i.HAL_GetDEVID), (16 bytes).
    Removing stm32l0xx_hal.o(i.HAL_GetHalVersion), (8 bytes).
    Removing stm32l0xx_hal.o(i.HAL_GetREVID), (12 bytes).
    Removing stm32l0xx_hal.o(i.HAL_GetTickFreq), (12 bytes).
    Removing stm32l0xx_hal.o(i.HAL_GetTickPrio), (12 bytes).
    Removing stm32l0xx_hal.o(i.HAL_GetUIDw0), (12 bytes).
    Removing stm32l0xx_hal.o(i.HAL_GetUIDw1), (12 bytes).
    Removing stm32l0xx_hal.o(i.HAL_GetUIDw2), (12 bytes).
    Removing stm32l0xx_hal.o(i.HAL_MspDeInit), (2 bytes).
    Removing stm32l0xx_hal.o(i.HAL_MspInit), (2 bytes).
    Removing stm32l0xx_hal.o(i.HAL_ResumeTick), (20 bytes).
    Removing stm32l0xx_hal.o(i.HAL_SYSCFG_Disable_Lock_VREFINT), (20 bytes).
    Removing stm32l0xx_hal.o(i.HAL_SYSCFG_Enable_Lock_VREFINT), (20 bytes).
    Removing stm32l0xx_hal.o(i.HAL_SYSCFG_GetBootMode), (16 bytes).
    Removing stm32l0xx_hal.o(i.HAL_SYSCFG_VREFINT_OutputSelect), (28 bytes).
    Removing stm32l0xx_hal.o(i.HAL_SetTickFreq), (52 bytes).
    Removing stm32l0xx_hal.o(i.HAL_SuspendTick), (20 bytes).
    Removing stm32l0xx_hal_i2c.o(.rev16_text), (4 bytes).
    Removing stm32l0xx_hal_i2c.o(.revsh_text), (4 bytes).
    Removing stm32l0xx_hal_i2c.o(i.HAL_I2C_AbortCpltCallback), (2 bytes).
    Removing stm32l0xx_hal_i2c.o(i.HAL_I2C_AddrCallback), (2 bytes).
    Removing stm32l0xx_hal_i2c.o(i.HAL_I2C_DeInit), (66 bytes).
    Removing stm32l0xx_hal_i2c.o(i.HAL_I2C_DisableListen_IT), (62 bytes).
    Removing stm32l0xx_hal_i2c.o(i.HAL_I2C_ER_IRQHandler), (140 bytes).
    Removing stm32l0xx_hal_i2c.o(i.HAL_I2C_EV_IRQHandler), (30 bytes).
    Removing stm32l0xx_hal_i2c.o(i.HAL_I2C_EnableListen_IT), (44 bytes).
    Removing stm32l0xx_hal_i2c.o(i.HAL_I2C_ErrorCallback), (2 bytes).
    Removing stm32l0xx_hal_i2c.o(i.HAL_I2C_GetError), (6 bytes).
    Removing stm32l0xx_hal_i2c.o(i.HAL_I2C_GetMode), (8 bytes).
    Removing stm32l0xx_hal_i2c.o(i.HAL_I2C_GetState), (8 bytes).
    Removing stm32l0xx_hal_i2c.o(i.HAL_I2C_Init), (212 bytes).
    Removing stm32l0xx_hal_i2c.o(i.HAL_I2C_IsDeviceReady), (434 bytes).
    Removing stm32l0xx_hal_i2c.o(i.HAL_I2C_ListenCpltCallback), (2 bytes).
    Removing stm32l0xx_hal_i2c.o(i.HAL_I2C_MasterRxCpltCallback), (2 bytes).
    Removing stm32l0xx_hal_i2c.o(i.HAL_I2C_MasterTxCpltCallback), (2 bytes).
    Removing stm32l0xx_hal_i2c.o(i.HAL_I2C_Master_Abort_IT), (128 bytes).
    Removing stm32l0xx_hal_i2c.o(i.HAL_I2C_Master_Receive), (364 bytes).
    Removing stm32l0xx_hal_i2c.o(i.HAL_I2C_Master_Receive_DMA), (376 bytes).
    Removing stm32l0xx_hal_i2c.o(i.HAL_I2C_Master_Receive_IT), (168 bytes).
    Removing stm32l0xx_hal_i2c.o(i.HAL_I2C_Master_Seq_Receive_DMA), (404 bytes).
    Removing stm32l0xx_hal_i2c.o(i.HAL_I2C_Master_Seq_Receive_IT), (192 bytes).
    Removing stm32l0xx_hal_i2c.o(i.HAL_I2C_Master_Seq_Transmit_DMA), (404 bytes).
    Removing stm32l0xx_hal_i2c.o(i.HAL_I2C_Master_Seq_Transmit_IT), (192 bytes).
    Removing stm32l0xx_hal_i2c.o(i.HAL_I2C_Master_Transmit), (364 bytes).
    Removing stm32l0xx_hal_i2c.o(i.HAL_I2C_Master_Transmit_DMA), (376 bytes).
    Removing stm32l0xx_hal_i2c.o(i.HAL_I2C_Master_Transmit_IT), (168 bytes).
    Removing stm32l0xx_hal_i2c.o(i.HAL_I2C_MemRxCpltCallback), (2 bytes).
    Removing stm32l0xx_hal_i2c.o(i.HAL_I2C_MemTxCpltCallback), (2 bytes).
    Removing stm32l0xx_hal_i2c.o(i.HAL_I2C_Mem_Read), (428 bytes).
    Removing stm32l0xx_hal_i2c.o(i.HAL_I2C_Mem_Read_DMA), (388 bytes).
    Removing stm32l0xx_hal_i2c.o(i.HAL_I2C_Mem_Read_IT), (228 bytes).
    Removing stm32l0xx_hal_i2c.o(i.HAL_I2C_Mem_Write), (420 bytes).
    Removing stm32l0xx_hal_i2c.o(i.HAL_I2C_Mem_Write_DMA), (380 bytes).
    Removing stm32l0xx_hal_i2c.o(i.HAL_I2C_Mem_Write_IT), (224 bytes).
    Removing stm32l0xx_hal_i2c.o(i.HAL_I2C_MspDeInit), (2 bytes).
    Removing stm32l0xx_hal_i2c.o(i.HAL_I2C_MspInit), (2 bytes).
    Removing stm32l0xx_hal_i2c.o(i.HAL_I2C_SlaveRxCpltCallback), (2 bytes).
    Removing stm32l0xx_hal_i2c.o(i.HAL_I2C_SlaveTxCpltCallback), (2 bytes).
    Removing stm32l0xx_hal_i2c.o(i.HAL_I2C_Slave_Receive), (390 bytes).
    Removing stm32l0xx_hal_i2c.o(i.HAL_I2C_Slave_Receive_DMA), (284 bytes).
    Removing stm32l0xx_hal_i2c.o(i.HAL_I2C_Slave_Receive_IT), (120 bytes).
    Removing stm32l0xx_hal_i2c.o(i.HAL_I2C_Slave_Seq_Receive_DMA), (468 bytes).
    Removing stm32l0xx_hal_i2c.o(i.HAL_I2C_Slave_Seq_Receive_IT), (240 bytes).
    Removing stm32l0xx_hal_i2c.o(i.HAL_I2C_Slave_Seq_Transmit_DMA), (468 bytes).
    Removing stm32l0xx_hal_i2c.o(i.HAL_I2C_Slave_Seq_Transmit_IT), (240 bytes).
    Removing stm32l0xx_hal_i2c.o(i.HAL_I2C_Slave_Transmit), (418 bytes).
    Removing stm32l0xx_hal_i2c.o(i.HAL_I2C_Slave_Transmit_DMA), (284 bytes).
    Removing stm32l0xx_hal_i2c.o(i.HAL_I2C_Slave_Transmit_IT), (120 bytes).
    Removing stm32l0xx_hal_i2c.o(i.I2C_ConvertOtherXferOptions), (30 bytes).
    Removing stm32l0xx_hal_i2c.o(i.I2C_DMAAbort), (38 bytes).
    Removing stm32l0xx_hal_i2c.o(i.I2C_DMAError), (30 bytes).
    Removing stm32l0xx_hal_i2c.o(i.I2C_DMAMasterReceiveCplt), (100 bytes).
    Removing stm32l0xx_hal_i2c.o(i.I2C_DMAMasterTransmitCplt), (100 bytes).
    Removing stm32l0xx_hal_i2c.o(i.I2C_DMASlaveReceiveCplt), (52 bytes).
    Removing stm32l0xx_hal_i2c.o(i.I2C_DMASlaveTransmitCplt), (42 bytes).
    Removing stm32l0xx_hal_i2c.o(i.I2C_Disable_IRQ), (116 bytes).
    Removing stm32l0xx_hal_i2c.o(i.I2C_Enable_IRQ), (136 bytes).
    Removing stm32l0xx_hal_i2c.o(i.I2C_Flush_TXDR), (50 bytes).
    Removing stm32l0xx_hal_i2c.o(i.I2C_ITAddrCplt), (208 bytes).
    Removing stm32l0xx_hal_i2c.o(i.I2C_ITError), (296 bytes).
    Removing stm32l0xx_hal_i2c.o(i.I2C_ITListenCplt), (120 bytes).
    Removing stm32l0xx_hal_i2c.o(i.I2C_ITMasterCplt), (308 bytes).
    Removing stm32l0xx_hal_i2c.o(i.I2C_ITMasterSeqCplt), (98 bytes).
    Removing stm32l0xx_hal_i2c.o(i.I2C_ITSlaveCplt), (408 bytes).
    Removing stm32l0xx_hal_i2c.o(i.I2C_ITSlaveSeqCplt), (156 bytes).
    Removing stm32l0xx_hal_i2c.o(i.I2C_IsAcknowledgeFailed), (160 bytes).
    Removing stm32l0xx_hal_i2c.o(i.I2C_Master_ISR_DMA), (392 bytes).
    Removing stm32l0xx_hal_i2c.o(i.I2C_Master_ISR_IT), (464 bytes).
    Removing stm32l0xx_hal_i2c.o(i.I2C_RequestMemoryRead), (128 bytes).
    Removing stm32l0xx_hal_i2c.o(i.I2C_RequestMemoryWrite), (128 bytes).
    Removing stm32l0xx_hal_i2c.o(i.I2C_Slave_ISR_DMA), (372 bytes).
    Removing stm32l0xx_hal_i2c.o(i.I2C_Slave_ISR_IT), (380 bytes).
    Removing stm32l0xx_hal_i2c.o(i.I2C_TransferConfig), (56 bytes).
    Removing stm32l0xx_hal_i2c.o(i.I2C_TreatErrorCallback), (62 bytes).
    Removing stm32l0xx_hal_i2c.o(i.I2C_WaitOnFlagUntilTimeout), (88 bytes).
    Removing stm32l0xx_hal_i2c.o(i.I2C_WaitOnRXNEFlagUntilTimeout), (176 bytes).
    Removing stm32l0xx_hal_i2c.o(i.I2C_WaitOnSTOPFlagUntilTimeout), (90 bytes).
    Removing stm32l0xx_hal_i2c.o(i.I2C_WaitOnTXISFlagUntilTimeout), (96 bytes).
    Removing stm32l0xx_hal_i2c_ex.o(.rev16_text), (4 bytes).
    Removing stm32l0xx_hal_i2c_ex.o(.revsh_text), (4 bytes).
    Removing stm32l0xx_hal_i2c_ex.o(i.HAL_I2CEx_ConfigAnalogFilter), (110 bytes).
    Removing stm32l0xx_hal_i2c_ex.o(i.HAL_I2CEx_ConfigDigitalFilter), (112 bytes).
    Removing stm32l0xx_hal_i2c_ex.o(i.HAL_I2CEx_DisableFastModePlus), (32 bytes).
    Removing stm32l0xx_hal_i2c_ex.o(i.HAL_I2CEx_DisableWakeUp), (100 bytes).
    Removing stm32l0xx_hal_i2c_ex.o(i.HAL_I2CEx_EnableFastModePlus), (32 bytes).
    Removing stm32l0xx_hal_i2c_ex.o(i.HAL_I2CEx_EnableWakeUp), (100 bytes).
    Removing stm32l0xx_hal_rcc.o(.rev16_text), (4 bytes).
    Removing stm32l0xx_hal_rcc.o(.revsh_text), (4 bytes).
    Removing stm32l0xx_hal_rcc.o(i.HAL_RCC_DeInit), (264 bytes).
    Removing stm32l0xx_hal_rcc.o(i.HAL_RCC_GetClockConfig), (68 bytes).
    Removing stm32l0xx_hal_rcc.o(i.HAL_RCC_GetOscConfig), (268 bytes).
    Removing stm32l0xx_hal_rcc.o(i.HAL_RCC_MCOConfig), (160 bytes).
    Removing stm32l0xx_hal_rcc_ex.o(.rev16_text), (4 bytes).
    Removing stm32l0xx_hal_rcc_ex.o(.revsh_text), (4 bytes).
    Removing stm32l0xx_hal_rcc_ex.o(i.HAL_RCCEx_DisableLSECSS), (36 bytes).
    Removing stm32l0xx_hal_rcc_ex.o(i.HAL_RCCEx_EnableLSECSS), (20 bytes).
    Removing stm32l0xx_hal_rcc_ex.o(i.HAL_RCCEx_EnableLSECSS_IT), (68 bytes).
    Removing stm32l0xx_hal_rcc_ex.o(i.HAL_RCCEx_GetPeriphCLKConfig), (100 bytes).
    Removing stm32l0xx_hal_rcc_ex.o(i.HAL_RCCEx_GetPeriphCLKFreq), (528 bytes).
    Removing stm32l0xx_hal_rcc_ex.o(i.HAL_RCCEx_LSECSS_Callback), (2 bytes).
    Removing stm32l0xx_hal_rcc_ex.o(i.HAL_RCCEx_LSECSS_IRQHandler), (32 bytes).
    Removing stm32l0xx_hal_flash_ramfunc.o(.rev16_text), (4 bytes).
    Removing stm32l0xx_hal_flash_ramfunc.o(.revsh_text), (4 bytes).
    Removing stm32l0xx_hal_flash_ramfunc.o(i.FLASHRAM_SetErrorCode), (240 bytes).
    Removing stm32l0xx_hal_flash_ramfunc.o(i.FLASHRAM_WaitForLastOperation), (152 bytes).
    Removing stm32l0xx_hal_flash_ramfunc.o(i.HAL_FLASHEx_DisableRunPowerDown), (44 bytes).
    Removing stm32l0xx_hal_flash_ramfunc.o(i.HAL_FLASHEx_EnableRunPowerDown), (44 bytes).
    Removing stm32l0xx_hal_flash_ramfunc.o(i.HAL_FLASHEx_GetError), (16 bytes).
    Removing stm32l0xx_hal_flash_ramfunc.o(i.HAL_FLASHEx_HalfPageProgram), (112 bytes).
    Removing stm32l0xx_hal_flash.o(.rev16_text), (4 bytes).
    Removing stm32l0xx_hal_flash.o(.revsh_text), (4 bytes).
    Removing stm32l0xx_hal_flash.o(i.FLASH_SetErrorCode), (240 bytes).
    Removing stm32l0xx_hal_flash.o(i.FLASH_WaitForLastOperation), (168 bytes).
    Removing stm32l0xx_hal_flash.o(i.HAL_FLASH_EndOfOperationCallback), (2 bytes).
    Removing stm32l0xx_hal_flash.o(i.HAL_FLASH_GetError), (12 bytes).
    Removing stm32l0xx_hal_flash.o(i.HAL_FLASH_IRQHandler), (336 bytes).
    Removing stm32l0xx_hal_flash.o(i.HAL_FLASH_Lock), (32 bytes).
    Removing stm32l0xx_hal_flash.o(i.HAL_FLASH_OB_Launch), (32 bytes).
    Removing stm32l0xx_hal_flash.o(i.HAL_FLASH_OB_Lock), (20 bytes).
    Removing stm32l0xx_hal_flash.o(i.HAL_FLASH_OB_Unlock), (92 bytes).
    Removing stm32l0xx_hal_flash.o(i.HAL_FLASH_OperationErrorCallback), (2 bytes).
    Removing stm32l0xx_hal_flash.o(i.HAL_FLASH_Program), (80 bytes).
    Removing stm32l0xx_hal_flash.o(i.HAL_FLASH_Program_IT), (76 bytes).
    Removing stm32l0xx_hal_flash.o(i.HAL_FLASH_Unlock), (140 bytes).
    Removing stm32l0xx_hal_flash.o(.bss), (24 bytes).
    Removing stm32l0xx_hal_flash_ex.o(.rev16_text), (4 bytes).
    Removing stm32l0xx_hal_flash_ex.o(.revsh_text), (4 bytes).
    Removing stm32l0xx_hal_flash_ex.o(i.FLASH_OB_BOOTBit1Config), (84 bytes).
    Removing stm32l0xx_hal_flash_ex.o(i.FLASH_OB_BORConfig), (84 bytes).
    Removing stm32l0xx_hal_flash_ex.o(i.FLASH_OB_GetBOOTBit1), (12 bytes).
    Removing stm32l0xx_hal_flash_ex.o(i.FLASH_OB_GetBOR), (20 bytes).
    Removing stm32l0xx_hal_flash_ex.o(i.FLASH_OB_GetRDP), (28 bytes).
    Removing stm32l0xx_hal_flash_ex.o(i.FLASH_OB_GetUser), (20 bytes).
    Removing stm32l0xx_hal_flash_ex.o(i.FLASH_OB_GetWRP), (12 bytes).
    Removing stm32l0xx_hal_flash_ex.o(i.FLASH_OB_ProtectedSectorsConfig), (112 bytes).
    Removing stm32l0xx_hal_flash_ex.o(i.FLASH_OB_RDPConfig), (96 bytes).
    Removing stm32l0xx_hal_flash_ex.o(i.FLASH_OB_UserConfig), (104 bytes).
    Removing stm32l0xx_hal_flash_ex.o(i.FLASH_PageErase), (52 bytes).
    Removing stm32l0xx_hal_flash_ex.o(i.HAL_FLASHEx_AdvOBGetConfig), (36 bytes).
    Removing stm32l0xx_hal_flash_ex.o(i.HAL_FLASHEx_AdvOBProgram), (28 bytes).
    Removing stm32l0xx_hal_flash_ex.o(i.HAL_FLASHEx_DATAEEPROM_DisableFixedTimeProgram), (20 bytes).
    Removing stm32l0xx_hal_flash_ex.o(i.HAL_FLASHEx_DATAEEPROM_EnableFixedTimeProgram), (20 bytes).
    Removing stm32l0xx_hal_flash_ex.o(i.HAL_FLASHEx_DATAEEPROM_Erase), (44 bytes).
    Removing stm32l0xx_hal_flash_ex.o(i.HAL_FLASHEx_DATAEEPROM_Lock), (20 bytes).
    Removing stm32l0xx_hal_flash_ex.o(i.HAL_FLASHEx_DATAEEPROM_Program), (108 bytes).
    Removing stm32l0xx_hal_flash_ex.o(i.HAL_FLASHEx_DATAEEPROM_Unlock), (76 bytes).
    Removing stm32l0xx_hal_flash_ex.o(i.HAL_FLASHEx_Erase), (140 bytes).
    Removing stm32l0xx_hal_flash_ex.o(i.HAL_FLASHEx_Erase_IT), (116 bytes).
    Removing stm32l0xx_hal_flash_ex.o(i.HAL_FLASHEx_OBGetConfig), (40 bytes).
    Removing stm32l0xx_hal_flash_ex.o(i.HAL_FLASHEx_OBProgram), (232 bytes).
    Removing stm32l0xx_hal_flash_ex.o(i.HAL_FLASHEx_OB_DeSelectPCROP), (80 bytes).
    Removing stm32l0xx_hal_flash_ex.o(i.HAL_FLASHEx_OB_SelectPCROP), (88 bytes).
    Removing stm32l0xx_hal_gpio.o(.rev16_text), (4 bytes).
    Removing stm32l0xx_hal_gpio.o(.revsh_text), (4 bytes).
    Removing stm32l0xx_hal_gpio.o(i.HAL_GPIO_DeInit), (252 bytes).
    Removing stm32l0xx_hal_gpio.o(i.HAL_GPIO_EXTI_Callback), (2 bytes).
    Removing stm32l0xx_hal_gpio.o(i.HAL_GPIO_EXTI_IRQHandler), (32 bytes).
    Removing stm32l0xx_hal_gpio.o(i.HAL_GPIO_LockPin), (50 bytes).
    Removing stm32l0xx_hal_gpio.o(i.HAL_GPIO_ReadPin), (18 bytes).
    Removing stm32l0xx_hal_gpio.o(i.HAL_GPIO_TogglePin), (20 bytes).
    Removing stm32l0xx_hal_dma.o(.rev16_text), (4 bytes).
    Removing stm32l0xx_hal_dma.o(.revsh_text), (4 bytes).
    Removing stm32l0xx_hal_dma.o(i.HAL_DMA_DeInit), (124 bytes).
    Removing stm32l0xx_hal_dma.o(i.HAL_DMA_GetState), (8 bytes).
    Removing stm32l0xx_hal_dma.o(i.HAL_DMA_PollForTransfer), (256 bytes).
    Removing stm32l0xx_hal_dma.o(i.HAL_DMA_RegisterCallback), (92 bytes).
    Removing stm32l0xx_hal_dma.o(i.HAL_DMA_Start), (110 bytes).
    Removing stm32l0xx_hal_dma.o(i.HAL_DMA_UnRegisterCallback), (108 bytes).
    Removing stm32l0xx_hal_pwr.o(.rev16_text), (4 bytes).
    Removing stm32l0xx_hal_pwr.o(.revsh_text), (4 bytes).
    Removing stm32l0xx_hal_pwr.o(i.HAL_PWR_ConfigPVD), (176 bytes).
    Removing stm32l0xx_hal_pwr.o(i.HAL_PWR_DeInit), (32 bytes).
    Removing stm32l0xx_hal_pwr.o(i.HAL_PWR_DisableBkUpAccess), (20 bytes).
    Removing stm32l0xx_hal_pwr.o(i.HAL_PWR_DisablePVD), (20 bytes).
    Removing stm32l0xx_hal_pwr.o(i.HAL_PWR_DisableSEVOnPend), (20 bytes).
    Removing stm32l0xx_hal_pwr.o(i.HAL_PWR_DisableSleepOnExit), (20 bytes).
    Removing stm32l0xx_hal_pwr.o(i.HAL_PWR_DisableWakeUpPin), (16 bytes).
    Removing stm32l0xx_hal_pwr.o(i.HAL_PWR_EnableBkUpAccess), (20 bytes).
    Removing stm32l0xx_hal_pwr.o(i.HAL_PWR_EnablePVD), (20 bytes).
    Removing stm32l0xx_hal_pwr.o(i.HAL_PWR_EnableSEVOnPend), (20 bytes).
    Removing stm32l0xx_hal_pwr.o(i.HAL_PWR_EnableSleepOnExit), (20 bytes).
    Removing stm32l0xx_hal_pwr.o(i.HAL_PWR_EnableWakeUpPin), (16 bytes).
    Removing stm32l0xx_hal_pwr.o(i.HAL_PWR_EnterSLEEPMode), (64 bytes).
    Removing stm32l0xx_hal_pwr.o(i.HAL_PWR_EnterSTANDBYMode), (40 bytes).
    Removing stm32l0xx_hal_pwr.o(i.HAL_PWR_EnterSTOPMode), (72 bytes).
    Removing stm32l0xx_hal_pwr.o(i.HAL_PWR_PVDCallback), (2 bytes).
    Removing stm32l0xx_hal_pwr.o(i.HAL_PWR_PVD_IRQHandler), (36 bytes).
    Removing stm32l0xx_hal_pwr_ex.o(.rev16_text), (4 bytes).
    Removing stm32l0xx_hal_pwr_ex.o(.revsh_text), (4 bytes).
    Removing stm32l0xx_hal_pwr_ex.o(i.HAL_PWREx_DisableFastWakeUp), (20 bytes).
    Removing stm32l0xx_hal_pwr_ex.o(i.HAL_PWREx_DisableLowPowerRunMode), (96 bytes).
    Removing stm32l0xx_hal_pwr_ex.o(i.HAL_PWREx_DisableUltraLowPower), (20 bytes).
    Removing stm32l0xx_hal_pwr_ex.o(i.HAL_PWREx_EnableFastWakeUp), (20 bytes).
    Removing stm32l0xx_hal_pwr_ex.o(i.HAL_PWREx_EnableLowPowerRunMode), (32 bytes).
    Removing stm32l0xx_hal_pwr_ex.o(i.HAL_PWREx_EnableUltraLowPower), (20 bytes).
    Removing stm32l0xx_hal_pwr_ex.o(i.HAL_PWREx_GetVoltageRange), (16 bytes).
    Removing stm32l0xx_hal_cortex.o(.rev16_text), (4 bytes).
    Removing stm32l0xx_hal_cortex.o(.revsh_text), (4 bytes).
    Removing stm32l0xx_hal_cortex.o(i.HAL_NVIC_ClearPendingIRQ), (24 bytes).
    Removing stm32l0xx_hal_cortex.o(i.HAL_NVIC_DisableIRQ), (24 bytes).
    Removing stm32l0xx_hal_cortex.o(i.HAL_NVIC_GetPendingIRQ), (40 bytes).
    Removing stm32l0xx_hal_cortex.o(i.HAL_NVIC_GetPriority), (72 bytes).
    Removing stm32l0xx_hal_cortex.o(i.HAL_NVIC_SetPendingIRQ), (24 bytes).
    Removing stm32l0xx_hal_cortex.o(i.HAL_NVIC_SystemReset), (56 bytes).
    Removing stm32l0xx_hal_cortex.o(i.HAL_SYSTICK_CLKSourceConfig), (36 bytes).
    Removing stm32l0xx_hal_cortex.o(i.HAL_SYSTICK_Callback), (2 bytes).
    Removing stm32l0xx_hal_cortex.o(i.HAL_SYSTICK_IRQHandler), (8 bytes).
    Removing system_stm32l0xx.o(.rev16_text), (4 bytes).
    Removing system_stm32l0xx.o(.revsh_text), (4 bytes).
    Removing system_stm32l0xx.o(i.SystemCoreClockUpdate), (276 bytes).
    Removing bsp_uart.o(.rev16_text), (4 bytes).
    Removing bsp_uart.o(.revsh_text), (4 bytes).
    Removing bsp_uart.o(i.BSP_UART_DeInit), (28 bytes).
    Removing bsp_uart.o(i.BSP_UART_RX_DMA_Handler), (4 bytes).
    Removing bsp_uart.o(i.BSP_UART_ReceiveBlocking), (36 bytes).
    Removing bsp_uart.o(i.BSP_UART_TransmitDMA), (24 bytes).
    Removing bsp_uart.o(i.fputc), (28 bytes).
    Removing bsp_rf.o(.rev16_text), (4 bytes).
    Removing bsp_rf.o(.revsh_text), (4 bytes).
    Removing bsp_rf.o(i.BSP_RF_Clear_buffer), (16 bytes).
    Removing soft_timer.o(i.OC_ctor), (76 bytes).
    Removing soft_timer.o(i.OC_setPulse), (4 bytes).
    Removing soft_timer.o(i.OC_startTick), (24 bytes).
    Removing soft_timer.o(i.OC_stopTick), (12 bytes).
    Removing soft_timer.o(i.OC_tickHandler), (38 bytes).
    Removing soft_timer.o(i.ST_ctor), (40 bytes).
    Removing soft_timer.o(i.ST_getTick), (6 bytes).
    Removing soft_timer.o(i.ST_setTick), (4 bytes).
    Removing soft_timer.o(i.ST_startTick), (50 bytes).
    Removing soft_timer.o(i.ST_stopTick), (22 bytes).
    Removing soft_timer.o(i.ST_tickHandler), (160 bytes).

329 unused section(s) (total 28318 bytes) removed from the image.

==============================================================================

Image Symbol Table

    Local Symbols

    Symbol Name                              Value     Ov Type        Size  Object(Section)

    ../Core/Src/main.c                       0x00000000   Number         0  main.o ABSOLUTE
    ../Core/Src/stm32l0xx_hal_msp.c          0x00000000   Number         0  stm32l0xx_hal_msp.o ABSOLUTE
    ../Core/Src/stm32l0xx_it.c               0x00000000   Number         0  stm32l0xx_it.o ABSOLUTE
    ../Core/Src/system_stm32l0xx.c           0x00000000   Number         0  system_stm32l0xx.o ABSOLUTE
    ../Drivers/STM32L0xx_HAL_Driver/Src/stm32l0xx_hal.c 0x00000000   Number         0  stm32l0xx_hal.o ABSOLUTE
    ../Drivers/STM32L0xx_HAL_Driver/Src/stm32l0xx_hal_cortex.c 0x00000000   Number         0  stm32l0xx_hal_cortex.o ABSOLUTE
    ../Drivers/STM32L0xx_HAL_Driver/Src/stm32l0xx_hal_dma.c 0x00000000   Number         0  stm32l0xx_hal_dma.o ABSOLUTE
    ../Drivers/STM32L0xx_HAL_Driver/Src/stm32l0xx_hal_flash.c 0x00000000   Number         0  stm32l0xx_hal_flash.o ABSOLUTE
    ../Drivers/STM32L0xx_HAL_Driver/Src/stm32l0xx_hal_flash_ex.c 0x00000000   Number         0  stm32l0xx_hal_flash_ex.o ABSOLUTE
    ../Drivers/STM32L0xx_HAL_Driver/Src/stm32l0xx_hal_flash_ramfunc.c 0x00000000   Number         0  stm32l0xx_hal_flash_ramfunc.o ABSOLUTE
    ../Drivers/STM32L0xx_HAL_Driver/Src/stm32l0xx_hal_gpio.c 0x00000000   Number         0  stm32l0xx_hal_gpio.o ABSOLUTE
    ../Drivers/STM32L0xx_HAL_Driver/Src/stm32l0xx_hal_i2c.c 0x00000000   Number         0  stm32l0xx_hal_i2c.o ABSOLUTE
    ../Drivers/STM32L0xx_HAL_Driver/Src/stm32l0xx_hal_i2c_ex.c 0x00000000   Number         0  stm32l0xx_hal_i2c_ex.o ABSOLUTE
    ../Drivers/STM32L0xx_HAL_Driver/Src/stm32l0xx_hal_pwr.c 0x00000000   Number         0  stm32l0xx_hal_pwr.o ABSOLUTE
    ../Drivers/STM32L0xx_HAL_Driver/Src/stm32l0xx_hal_pwr_ex.c 0x00000000   Number         0  stm32l0xx_hal_pwr_ex.o ABSOLUTE
    ../Drivers/STM32L0xx_HAL_Driver/Src/stm32l0xx_hal_rcc.c 0x00000000   Number         0  stm32l0xx_hal_rcc.o ABSOLUTE
    ../Drivers/STM32L0xx_HAL_Driver/Src/stm32l0xx_hal_rcc_ex.c 0x00000000   Number         0  stm32l0xx_hal_rcc_ex.o ABSOLUTE
    ../Drivers/STM32L0xx_HAL_Driver/Src/stm32l0xx_hal_tim.c 0x00000000   Number         0  stm32l0xx_hal_tim.o ABSOLUTE
    ../Drivers/STM32L0xx_HAL_Driver/Src/stm32l0xx_hal_tim_ex.c 0x00000000   Number         0  stm32l0xx_hal_tim_ex.o ABSOLUTE
    ../Drivers/STM32L0xx_HAL_Driver/Src/stm32l0xx_hal_uart.c 0x00000000   Number         0  stm32l0xx_hal_uart.o ABSOLUTE
    ../Drivers/STM32L0xx_HAL_Driver/Src/stm32l0xx_hal_uart_ex.c 0x00000000   Number         0  stm32l0xx_hal_uart_ex.o ABSOLUTE
    ../clib/microlib/division.c              0x00000000   Number         0  uidiv.o ABSOLUTE
    ../clib/microlib/division.c              0x00000000   Number         0  uldiv.o ABSOLUTE
    ../clib/microlib/init/entry.s            0x00000000   Number         0  entry7b.o ABSOLUTE
    ../clib/microlib/init/entry.s            0x00000000   Number         0  entry8b.o ABSOLUTE
    ../clib/microlib/init/entry.s            0x00000000   Number         0  entry2.o ABSOLUTE
    ../clib/microlib/init/entry.s            0x00000000   Number         0  entry8a.o ABSOLUTE
    ../clib/microlib/init/entry.s            0x00000000   Number         0  entry9a.o ABSOLUTE
    ../clib/microlib/init/entry.s            0x00000000   Number         0  entry5.o ABSOLUTE
    ../clib/microlib/init/entry.s            0x00000000   Number         0  entry9b.o ABSOLUTE
    ../clib/microlib/init/entry.s            0x00000000   Number         0  entry7a.o ABSOLUTE
    ../clib/microlib/init/entry.s            0x00000000   Number         0  entry.o ABSOLUTE
    ../clib/microlib/init/entry.s            0x00000000   Number         0  entry10a.o ABSOLUTE
    ../clib/microlib/init/entry.s            0x00000000   Number         0  entry10b.o ABSOLUTE
    ../clib/microlib/init/entry.s            0x00000000   Number         0  entry11a.o ABSOLUTE
    ../clib/microlib/init/entry.s            0x00000000   Number         0  entry11b.o ABSOLUTE
    ../clib/microlib/longlong.c              0x00000000   Number         0  llushr.o ABSOLUTE
    ../clib/microlib/longlong.c              0x00000000   Number         0  llshl.o ABSOLUTE
    ../clib/microlib/string/memcmp.c         0x00000000   Number         0  memcmp.o ABSOLUTE
    ../clib/microlib/string/memset.c         0x00000000   Number         0  memseta.o ABSOLUTE
    ../clib/microlib/string/strcat.c         0x00000000   Number         0  strcat.o ABSOLUTE
    ../clib/microlib/string/strlen.c         0x00000000   Number         0  strlen.o ABSOLUTE
    ..\Core\Src\main.c                       0x00000000   Number         0  main.o ABSOLUTE
    ..\Core\Src\stm32l0xx_hal_msp.c          0x00000000   Number         0  stm32l0xx_hal_msp.o ABSOLUTE
    ..\Core\Src\stm32l0xx_it.c               0x00000000   Number         0  stm32l0xx_it.o ABSOLUTE
    ..\Core\Src\system_stm32l0xx.c           0x00000000   Number         0  system_stm32l0xx.o ABSOLUTE
    ..\Drivers\BSP\Src\bsp_rf.c              0x00000000   Number         0  bsp_rf.o ABSOLUTE
    ..\Drivers\BSP\Src\bsp_uart.c            0x00000000   Number         0  bsp_uart.o ABSOLUTE
    ..\Drivers\Library\Src\soft_timer.c      0x00000000   Number         0  soft_timer.o ABSOLUTE
    ..\Drivers\STM32L0xx_HAL_Driver\Src\stm32l0xx_hal.c 0x00000000   Number         0  stm32l0xx_hal.o ABSOLUTE
    ..\Drivers\STM32L0xx_HAL_Driver\Src\stm32l0xx_hal_cortex.c 0x00000000   Number         0  stm32l0xx_hal_cortex.o ABSOLUTE
    ..\Drivers\STM32L0xx_HAL_Driver\Src\stm32l0xx_hal_dma.c 0x00000000   Number         0  stm32l0xx_hal_dma.o ABSOLUTE
    ..\Drivers\STM32L0xx_HAL_Driver\Src\stm32l0xx_hal_flash.c 0x00000000   Number         0  stm32l0xx_hal_flash.o ABSOLUTE
    ..\Drivers\STM32L0xx_HAL_Driver\Src\stm32l0xx_hal_flash_ex.c 0x00000000   Number         0  stm32l0xx_hal_flash_ex.o ABSOLUTE
    ..\Drivers\STM32L0xx_HAL_Driver\Src\stm32l0xx_hal_flash_ramfunc.c 0x00000000   Number         0  stm32l0xx_hal_flash_ramfunc.o ABSOLUTE
    ..\Drivers\STM32L0xx_HAL_Driver\Src\stm32l0xx_hal_gpio.c 0x00000000   Number         0  stm32l0xx_hal_gpio.o ABSOLUTE
    ..\Drivers\STM32L0xx_HAL_Driver\Src\stm32l0xx_hal_i2c.c 0x00000000   Number         0  stm32l0xx_hal_i2c.o ABSOLUTE
    ..\Drivers\STM32L0xx_HAL_Driver\Src\stm32l0xx_hal_i2c_ex.c 0x00000000   Number         0  stm32l0xx_hal_i2c_ex.o ABSOLUTE
    ..\Drivers\STM32L0xx_HAL_Driver\Src\stm32l0xx_hal_pwr.c 0x00000000   Number         0  stm32l0xx_hal_pwr.o ABSOLUTE
    ..\Drivers\STM32L0xx_HAL_Driver\Src\stm32l0xx_hal_pwr_ex.c 0x00000000   Number         0  stm32l0xx_hal_pwr_ex.o ABSOLUTE
    ..\Drivers\STM32L0xx_HAL_Driver\Src\stm32l0xx_hal_rcc.c 0x00000000   Number         0  stm32l0xx_hal_rcc.o ABSOLUTE
    ..\Drivers\STM32L0xx_HAL_Driver\Src\stm32l0xx_hal_rcc_ex.c 0x00000000   Number         0  stm32l0xx_hal_rcc_ex.o ABSOLUTE
    ..\Drivers\STM32L0xx_HAL_Driver\Src\stm32l0xx_hal_tim.c 0x00000000   Number         0  stm32l0xx_hal_tim.o ABSOLUTE
    ..\Drivers\STM32L0xx_HAL_Driver\Src\stm32l0xx_hal_tim_ex.c 0x00000000   Number         0  stm32l0xx_hal_tim_ex.o ABSOLUTE
    ..\Drivers\STM32L0xx_HAL_Driver\Src\stm32l0xx_hal_uart.c 0x00000000   Number         0  stm32l0xx_hal_uart.o ABSOLUTE
    ..\Drivers\STM32L0xx_HAL_Driver\Src\stm32l0xx_hal_uart_ex.c 0x00000000   Number         0  stm32l0xx_hal_uart_ex.o ABSOLUTE
    ..\\Drivers\\BSP\\Src\\bsp_rf.c          0x00000000   Number         0  bsp_rf.o ABSOLUTE
    ..\\Drivers\\BSP\\Src\\bsp_uart.c        0x00000000   Number         0  bsp_uart.o ABSOLUTE
    dc.s                                     0x00000000   Number         0  dc.o ABSOLUTE
    handlers.s                               0x00000000   Number         0  handlers.o ABSOLUTE
    init.s                                   0x00000000   Number         0  init.o ABSOLUTE
    startup_stm32l011xx.s                    0x00000000   Number         0  startup_stm32l011xx.o ABSOLUTE
    RESET                                    0x08000000   Section      192  startup_stm32l011xx.o(RESET)
    .ARM.Collect$$$$00000000                 0x080000c0   Section        0  entry.o(.ARM.Collect$$$$00000000)
    .ARM.Collect$$$$00000001                 0x080000c0   Section        4  entry2.o(.ARM.Collect$$$$00000001)
    .ARM.Collect$$$$00000004                 0x080000c4   Section        4  entry5.o(.ARM.Collect$$$$00000004)
    .ARM.Collect$$$$00000008                 0x080000c8   Section        0  entry7b.o(.ARM.Collect$$$$00000008)
    .ARM.Collect$$$$0000000A                 0x080000c8   Section        0  entry8b.o(.ARM.Collect$$$$0000000A)
    .ARM.Collect$$$$0000000B                 0x080000c8   Section        8  entry9a.o(.ARM.Collect$$$$0000000B)
    .ARM.Collect$$$$0000000D                 0x080000d0   Section        0  entry10a.o(.ARM.Collect$$$$0000000D)
    .ARM.Collect$$$$0000000F                 0x080000d0   Section        0  entry11a.o(.ARM.Collect$$$$0000000F)
    .ARM.Collect$$$$00002712                 0x080000d0   Section        4  entry2.o(.ARM.Collect$$$$00002712)
    __lit__00000000                          0x080000d0   Data           4  entry2.o(.ARM.Collect$$$$00002712)
    .text                                    0x080000d4   Section       88  startup_stm32l011xx.o(.text)
    .text                                    0x0800012c   Section        0  uidiv.o(.text)
    .text                                    0x08000158   Section        0  uldiv.o(.text)
    .text                                    0x080001b8   Section        0  memseta.o(.text)
    .text                                    0x080001dc   Section        0  strcat.o(.text)
    .text                                    0x080001f4   Section        0  strlen.o(.text)
    .text                                    0x08000202   Section        0  memcmp.o(.text)
    .text                                    0x0800021c   Section        0  llshl.o(.text)
    .text                                    0x0800023c   Section        0  llushr.o(.text)
    .text                                    0x08000260   Section       36  init.o(.text)
    i.BSP_RF_AT_Command_Communication        0x08000284   Section        0  bsp_rf.o(i.BSP_RF_AT_Command_Communication)
    i.BSP_RF_AT_Command_Send                 0x080002ec   Section        0  bsp_rf.o(i.BSP_RF_AT_Command_Send)
    i.BSP_RF_AT_Send_Char                    0x08000320   Section        0  bsp_rf.o(i.BSP_RF_AT_Send_Char)
    i.BSP_RF_AT_Send_FS                      0x08000330   Section        0  bsp_rf.o(i.BSP_RF_AT_Send_FS)
    i.BSP_RF_Get_DMA_RX_Status               0x08000344   Section        0  bsp_rf.o(i.BSP_RF_Get_DMA_RX_Status)
    i.BSP_RF_RS9116_Init                     0x08000350   Section        0  bsp_rf.o(i.BSP_RF_RS9116_Init)
    i.BSP_RF_RS9116_MQTT_Connect             0x08000464   Section        0  bsp_rf.o(i.BSP_RF_RS9116_MQTT_Connect)
    i.BSP_RF_RS9116_WIFI_Connect             0x080004d8   Section        0  bsp_rf.o(i.BSP_RF_RS9116_WIFI_Connect)
    i.BSP_RF_Start_dma_receive               0x08000618   Section        0  bsp_rf.o(i.BSP_RF_Start_dma_receive)
    i.BSP_RF_get_module_status               0x0800063c   Section        0  bsp_rf.o(i.BSP_RF_get_module_status)
    i.BSP_RF_set_status                      0x08000648   Section        0  bsp_rf.o(i.BSP_RF_set_status)
    i.BSP_UART_Init                          0x08000654   Section        0  bsp_uart.o(i.BSP_UART_Init)
    i.BSP_UART_RX_DMA_Character_Martch_IT_Handler 0x08000688   Section        0  bsp_rf.o(i.BSP_UART_RX_DMA_Character_Martch_IT_Handler)
    i.BSP_UART_ReceiveDMA                    0x0800076c   Section        0  bsp_uart.o(i.BSP_UART_ReceiveDMA)
    i.BSP_UART_StopDMA                       0x08000794   Section        0  bsp_uart.o(i.BSP_UART_StopDMA)
    i.BSP_UART_TransmitBlocking              0x080007ac   Section        0  bsp_uart.o(i.BSP_UART_TransmitBlocking)
    i.DMA1_Channel2_3_IRQHandler             0x080007d0   Section        0  stm32l0xx_it.o(i.DMA1_Channel2_3_IRQHandler)
    i.DMA_RX_Status                          0x080007e0   Section        0  bsp_uart.o(i.DMA_RX_Status)
    i.DMA_SetConfig                          0x080007ec   Section        0  stm32l0xx_hal_dma.o(i.DMA_SetConfig)
    DMA_SetConfig                            0x080007ed   Thumb Code    46  stm32l0xx_hal_dma.o(i.DMA_SetConfig)
    i.Error_Handler                          0x0800081a   Section        0  main.o(i.Error_Handler)
    i.HAL_DMA_Abort                          0x0800081c   Section        0  stm32l0xx_hal_dma.o(i.HAL_DMA_Abort)
    i.HAL_DMA_Abort_IT                       0x08000874   Section        0  stm32l0xx_hal_dma.o(i.HAL_DMA_Abort_IT)
    i.HAL_DMA_GetError                       0x080008d0   Section        0  stm32l0xx_hal_dma.o(i.HAL_DMA_GetError)
    i.HAL_DMA_IRQHandler                     0x080008d6   Section        0  stm32l0xx_hal_dma.o(i.HAL_DMA_IRQHandler)
    i.HAL_DMA_Init                           0x080009e0   Section        0  stm32l0xx_hal_dma.o(i.HAL_DMA_Init)
    i.HAL_DMA_Start_IT                       0x08000a88   Section        0  stm32l0xx_hal_dma.o(i.HAL_DMA_Start_IT)
    i.HAL_Delay                              0x08000b24   Section        0  stm32l0xx_hal.o(i.HAL_Delay)
    i.HAL_GPIO_Init                          0x08000b50   Section        0  stm32l0xx_hal_gpio.o(i.HAL_GPIO_Init)
    i.HAL_GPIO_WritePin                      0x08000d20   Section        0  stm32l0xx_hal_gpio.o(i.HAL_GPIO_WritePin)
    i.HAL_GetTick                            0x08000d2c   Section        0  stm32l0xx_hal.o(i.HAL_GetTick)
    i.HAL_IncTick                            0x08000d38   Section        0  stm32l0xx_hal.o(i.HAL_IncTick)
    i.HAL_Init                               0x08000d50   Section        0  stm32l0xx_hal.o(i.HAL_Init)
    i.HAL_InitTick                           0x08000d7c   Section        0  stm32l0xx_hal.o(i.HAL_InitTick)
    i.HAL_MspInit                            0x08000dd0   Section        0  stm32l0xx_hal_msp.o(i.HAL_MspInit)
    i.HAL_NVIC_EnableIRQ                     0x08000df0   Section        0  stm32l0xx_hal_cortex.o(i.HAL_NVIC_EnableIRQ)
    i.HAL_NVIC_SetPriority                   0x08000e08   Section        0  stm32l0xx_hal_cortex.o(i.HAL_NVIC_SetPriority)
    i.HAL_RCCEx_PeriphCLKConfig              0x08000e1c   Section        0  stm32l0xx_hal_rcc_ex.o(i.HAL_RCCEx_PeriphCLKConfig)
    i.HAL_RCC_ClockConfig                    0x08001028   Section        0  stm32l0xx_hal_rcc.o(i.HAL_RCC_ClockConfig)
    i.HAL_RCC_GetHCLKFreq                    0x08001230   Section        0  stm32l0xx_hal_rcc.o(i.HAL_RCC_GetHCLKFreq)
    i.HAL_RCC_GetPCLK1Freq                   0x0800123c   Section        0  stm32l0xx_hal_rcc.o(i.HAL_RCC_GetPCLK1Freq)
    i.HAL_RCC_GetPCLK2Freq                   0x08001260   Section        0  stm32l0xx_hal_rcc.o(i.HAL_RCC_GetPCLK2Freq)
    i.HAL_RCC_GetSysClockFreq                0x08001284   Section        0  stm32l0xx_hal_rcc.o(i.HAL_RCC_GetSysClockFreq)
    i.HAL_RCC_OscConfig                      0x08001354   Section        0  stm32l0xx_hal_rcc.o(i.HAL_RCC_OscConfig)
    i.HAL_SYSTICK_Config                     0x08001994   Section        0  stm32l0xx_hal_cortex.o(i.HAL_SYSTICK_Config)
    i.HAL_UARTEx_WakeupCallback              0x080019cc   Section        0  stm32l0xx_hal_uart_ex.o(i.HAL_UARTEx_WakeupCallback)
    i.HAL_UART_DMAStop                       0x080019ce   Section        0  stm32l0xx_hal_uart.o(i.HAL_UART_DMAStop)
    i.HAL_UART_ErrorCallback                 0x08001a60   Section        0  bsp_uart.o(i.HAL_UART_ErrorCallback)
    i.HAL_UART_IRQHandler                    0x08001a80   Section        0  stm32l0xx_hal_uart.o(i.HAL_UART_IRQHandler)
    i.HAL_UART_Init                          0x08001c4c   Section        0  stm32l0xx_hal_uart.o(i.HAL_UART_Init)
    i.HAL_UART_MspInit                       0x08001ccc   Section        0  stm32l0xx_hal_msp.o(i.HAL_UART_MspInit)
    i.HAL_UART_Receive_DMA                   0x08001e0c   Section        0  stm32l0xx_hal_uart.o(i.HAL_UART_Receive_DMA)
    i.HAL_UART_RxCpltCallback                0x08001ef4   Section        0  bsp_uart.o(i.HAL_UART_RxCpltCallback)
    i.HAL_UART_RxHalfCpltCallback            0x08001ef6   Section        0  stm32l0xx_hal_uart.o(i.HAL_UART_RxHalfCpltCallback)
    i.HAL_UART_Transmit                      0x08001ef8   Section        0  stm32l0xx_hal_uart.o(i.HAL_UART_Transmit)
    i.HAL_UART_TxCpltCallback                0x08001ff8   Section        0  bsp_uart.o(i.HAL_UART_TxCpltCallback)
    i.HardFault_Handler                      0x08002010   Section        0  stm32l0xx_it.o(i.HardFault_Handler)
    i.MX_GPIO_Init                           0x08002014   Section        0  main.o(i.MX_GPIO_Init)
    i.NMI_Handler                            0x08002068   Section        0  stm32l0xx_it.o(i.NMI_Handler)
    i.NVIC_SetPriority                       0x0800206c   Section        0  stm32l0xx_hal_cortex.o(i.NVIC_SetPriority)
    NVIC_SetPriority                         0x0800206d   Thumb Code   110  stm32l0xx_hal_cortex.o(i.NVIC_SetPriority)
    i.PendSV_Handler                         0x080020e4   Section        0  stm32l0xx_it.o(i.PendSV_Handler)
    i.SVC_Handler                            0x080020e6   Section        0  stm32l0xx_it.o(i.SVC_Handler)
    i.SysTick_Handler                        0x080020e8   Section        0  stm32l0xx_it.o(i.SysTick_Handler)
    i.SystemClock_Config                     0x080020f0   Section        0  main.o(i.SystemClock_Config)
    i.SystemInit                             0x08002180   Section        0  system_stm32l0xx.o(i.SystemInit)
    i.UART_AdvFeatureConfig                  0x080021e8   Section        0  stm32l0xx_hal_uart.o(i.UART_AdvFeatureConfig)
    i.UART_CheckIdleState                    0x080022d8   Section        0  stm32l0xx_hal_uart.o(i.UART_CheckIdleState)
    i.UART_DMAAbortOnError                   0x08002348   Section        0  stm32l0xx_hal_uart.o(i.UART_DMAAbortOnError)
    UART_DMAAbortOnError                     0x08002349   Thumb Code    24  stm32l0xx_hal_uart.o(i.UART_DMAAbortOnError)
    i.UART_DMAError                          0x08002360   Section        0  stm32l0xx_hal_uart.o(i.UART_DMAError)
    UART_DMAError                            0x08002361   Thumb Code    82  stm32l0xx_hal_uart.o(i.UART_DMAError)
    i.UART_DMAReceiveCplt                    0x080023b2   Section        0  stm32l0xx_hal_uart.o(i.UART_DMAReceiveCplt)
    UART_DMAReceiveCplt                      0x080023b3   Thumb Code    74  stm32l0xx_hal_uart.o(i.UART_DMAReceiveCplt)
    i.UART_DMARxHalfCplt                     0x080023fc   Section        0  stm32l0xx_hal_uart.o(i.UART_DMARxHalfCplt)
    UART_DMARxHalfCplt                       0x080023fd   Thumb Code    14  stm32l0xx_hal_uart.o(i.UART_DMARxHalfCplt)
    i.UART_EndRxTransfer                     0x0800240a   Section        0  stm32l0xx_hal_uart.o(i.UART_EndRxTransfer)
    UART_EndRxTransfer                       0x0800240b   Thumb Code    36  stm32l0xx_hal_uart.o(i.UART_EndRxTransfer)
    i.UART_EndTransmit_IT                    0x0800242e   Section        0  stm32l0xx_hal_uart.o(i.UART_EndTransmit_IT)
    UART_EndTransmit_IT                      0x0800242f   Thumb Code    32  stm32l0xx_hal_uart.o(i.UART_EndTransmit_IT)
    i.UART_EndTxTransfer                     0x0800244e   Section        0  stm32l0xx_hal_uart.o(i.UART_EndTxTransfer)
    UART_EndTxTransfer                       0x0800244f   Thumb Code    18  stm32l0xx_hal_uart.o(i.UART_EndTxTransfer)
    i.UART_SetConfig                         0x08002460   Section        0  stm32l0xx_hal_uart.o(i.UART_SetConfig)
    i.UART_WaitOnFlagUntilTimeout            0x080027f4   Section        0  stm32l0xx_hal_uart.o(i.UART_WaitOnFlagUntilTimeout)
    i.USART2_IRQHandler                      0x08002860   Section        0  stm32l0xx_it.o(i.USART2_IRQHandler)
    i.__ARM_common_ll_muluu                  0x08002894   Section        0  stm32l0xx_hal_uart.o(i.__ARM_common_ll_muluu)
    i.__ARM_common_switch8                   0x080028c4   Section        0  stm32l0xx_hal_dma.o(i.__ARM_common_switch8)
    i.__scatterload_copy                     0x080028e0   Section       14  handlers.o(i.__scatterload_copy)
    i.__scatterload_null                     0x080028ee   Section        2  handlers.o(i.__scatterload_null)
    i.__scatterload_zeroinit                 0x080028f0   Section       14  handlers.o(i.__scatterload_zeroinit)
    i.main                                   0x08002900   Section        0  main.o(i.main)
    .constdata                               0x0800293c   Section       33  system_stm32l0xx.o(.constdata)
    .constdata                               0x08002960   Section       64  bsp_rf.o(.constdata)
    .conststring                             0x080029a0   Section      421  bsp_rf.o(.conststring)
    .data                                    0x20000000   Section        9  stm32l0xx_hal.o(.data)
    .data                                    0x2000000c   Section        4  system_stm32l0xx.o(.data)
    .data                                    0x20000010   Section        2  bsp_uart.o(.data)
    m_is_tx_done                             0x20000010   Data           1  bsp_uart.o(.data)
    m_is_rx_done                             0x20000011   Data           1  bsp_uart.o(.data)
    .data                                    0x20000014   Section       96  bsp_rf.o(.data)
    rsi_data                                 0x2000003c   Data          56  bsp_rf.o(.data)
    .bss                                     0x20000074   Section      272  bsp_uart.o(.bss)
    .bss                                     0x20000184   Section      244  bsp_rf.o(.bss)
    rf                                       0x20000184   Data         244  bsp_rf.o(.bss)
    STACK                                    0x20000278   Section     1024  startup_stm32l011xx.o(STACK)

    Global Symbols

    Symbol Name                              Value     Ov Type        Size  Object(Section)

    BuildAttributes$$THM_ISAv3M$S$PE$A:L22$X:L11$S22$IEEE1$IW$USESV6$~STKCKD$USESV7$~SHL$OSPACE$EBA8$MICROLIB$REQ8$PRES8$EABIv2 0x00000000   Number         0  anon$$obj.o ABSOLUTE
    __ARM_use_no_argv                        0x00000000   Number         0  main.o ABSOLUTE
    __cpp_initialize__aeabi_                  - Undefined Weak Reference
    __cxa_finalize                            - Undefined Weak Reference
    __decompress                              - Undefined Weak Reference
    _clock_init                               - Undefined Weak Reference
    _microlib_exit                            - Undefined Weak Reference
    __Vectors_Size                           0x000000c0   Number         0  startup_stm32l011xx.o ABSOLUTE
    __Vectors                                0x08000000   Data           4  startup_stm32l011xx.o(RESET)
    __Vectors_End                            0x080000c0   Data           0  startup_stm32l011xx.o(RESET)
    __main                                   0x080000c1   Thumb Code     0  entry.o(.ARM.Collect$$$$00000000)
    _main_stk                                0x080000c1   Thumb Code     0  entry2.o(.ARM.Collect$$$$00000001)
    _main_scatterload                        0x080000c5   Thumb Code     0  entry5.o(.ARM.Collect$$$$00000004)
    __main_after_scatterload                 0x080000c9   Thumb Code     0  entry5.o(.ARM.Collect$$$$00000004)
    _main_clock                              0x080000c9   Thumb Code     0  entry7b.o(.ARM.Collect$$$$00000008)
    _main_cpp_init                           0x080000c9   Thumb Code     0  entry8b.o(.ARM.Collect$$$$0000000A)
    _main_init                               0x080000c9   Thumb Code     0  entry9a.o(.ARM.Collect$$$$0000000B)
    __rt_final_cpp                           0x080000d1   Thumb Code     0  entry10a.o(.ARM.Collect$$$$0000000D)
    __rt_final_exit                          0x080000d1   Thumb Code     0  entry11a.o(.ARM.Collect$$$$0000000F)
    Reset_Handler                            0x080000d5   Thumb Code    38  startup_stm32l011xx.o(.text)
    ADC1_COMP_IRQHandler                     0x08000105   Thumb Code     0  startup_stm32l011xx.o(.text)
    DMA1_Channel1_IRQHandler                 0x08000105   Thumb Code     0  startup_stm32l011xx.o(.text)
    DMA1_Channel4_5_IRQHandler               0x08000105   Thumb Code     0  startup_stm32l011xx.o(.text)
    EXTI0_1_IRQHandler                       0x08000105   Thumb Code     0  startup_stm32l011xx.o(.text)
    EXTI2_3_IRQHandler                       0x08000105   Thumb Code     0  startup_stm32l011xx.o(.text)
    EXTI4_15_IRQHandler                      0x08000105   Thumb Code     0  startup_stm32l011xx.o(.text)
    FLASH_IRQHandler                         0x08000105   Thumb Code     0  startup_stm32l011xx.o(.text)
    I2C1_IRQHandler                          0x08000105   Thumb Code     0  startup_stm32l011xx.o(.text)
    LPTIM1_IRQHandler                        0x08000105   Thumb Code     0  startup_stm32l011xx.o(.text)
    LPUART1_IRQHandler                       0x08000105   Thumb Code     0  startup_stm32l011xx.o(.text)
    PVD_IRQHandler                           0x08000105   Thumb Code     0  startup_stm32l011xx.o(.text)
    RCC_IRQHandler                           0x08000105   Thumb Code     0  startup_stm32l011xx.o(.text)
    RTC_IRQHandler                           0x08000105   Thumb Code     0  startup_stm32l011xx.o(.text)
    SPI1_IRQHandler                          0x08000105   Thumb Code     0  startup_stm32l011xx.o(.text)
    TIM21_IRQHandler                         0x08000105   Thumb Code     0  startup_stm32l011xx.o(.text)
    TIM2_IRQHandler                          0x08000105   Thumb Code     0  startup_stm32l011xx.o(.text)
    WWDG_IRQHandler                          0x08000105   Thumb Code     0  startup_stm32l011xx.o(.text)
    __aeabi_uidiv                            0x0800012d   Thumb Code     0  uidiv.o(.text)
    __aeabi_uidivmod                         0x0800012d   Thumb Code    44  uidiv.o(.text)
    __aeabi_uldivmod                         0x08000159   Thumb Code    96  uldiv.o(.text)
    __aeabi_memset                           0x080001b9   Thumb Code    14  memseta.o(.text)
    __aeabi_memset4                          0x080001b9   Thumb Code     0  memseta.o(.text)
    __aeabi_memset8                          0x080001b9   Thumb Code     0  memseta.o(.text)
    __aeabi_memclr                           0x080001c7   Thumb Code     4  memseta.o(.text)
    __aeabi_memclr4                          0x080001c7   Thumb Code     0  memseta.o(.text)
    __aeabi_memclr8                          0x080001c7   Thumb Code     0  memseta.o(.text)
    _memset$wrapper                          0x080001cb   Thumb Code    18  memseta.o(.text)
    strcat                                   0x080001dd   Thumb Code    24  strcat.o(.text)
    strlen                                   0x080001f5   Thumb Code    14  strlen.o(.text)
    memcmp                                   0x08000203   Thumb Code    26  memcmp.o(.text)
    __aeabi_llsl                             0x0800021d   Thumb Code    32  llshl.o(.text)
    _ll_shift_l                              0x0800021d   Thumb Code     0  llshl.o(.text)
    __aeabi_llsr                             0x0800023d   Thumb Code    34  llushr.o(.text)
    _ll_ushift_r                             0x0800023d   Thumb Code     0  llushr.o(.text)
    __scatterload                            0x08000261   Thumb Code    28  init.o(.text)
    __scatterload_rt2                        0x08000261   Thumb Code     0  init.o(.text)
    BSP_RF_AT_Command_Communication          0x08000285   Thumb Code    94  bsp_rf.o(i.BSP_RF_AT_Command_Communication)
    BSP_RF_AT_Command_Send                   0x080002ed   Thumb Code    48  bsp_rf.o(i.BSP_RF_AT_Command_Send)
    BSP_RF_AT_Send_Char                      0x08000321   Thumb Code    14  bsp_rf.o(i.BSP_RF_AT_Send_Char)
    BSP_RF_AT_Send_FS                        0x08000331   Thumb Code    14  bsp_rf.o(i.BSP_RF_AT_Send_FS)
    BSP_RF_Get_DMA_RX_Status                 0x08000345   Thumb Code    12  bsp_rf.o(i.BSP_RF_Get_DMA_RX_Status)
    BSP_RF_RS9116_Init                       0x08000351   Thumb Code   258  bsp_rf.o(i.BSP_RF_RS9116_Init)
    BSP_RF_RS9116_MQTT_Connect               0x08000465   Thumb Code    96  bsp_rf.o(i.BSP_RF_RS9116_MQTT_Connect)
    BSP_RF_RS9116_WIFI_Connect               0x080004d9   Thumb Code   296  bsp_rf.o(i.BSP_RF_RS9116_WIFI_Connect)
    BSP_RF_Start_dma_receive                 0x08000619   Thumb Code    30  bsp_rf.o(i.BSP_RF_Start_dma_receive)
    BSP_RF_get_module_status                 0x0800063d   Thumb Code     6  bsp_rf.o(i.BSP_RF_get_module_status)
    BSP_RF_set_status                        0x08000649   Thumb Code     6  bsp_rf.o(i.BSP_RF_set_status)
    BSP_UART_Init                            0x08000655   Thumb Code    44  bsp_uart.o(i.BSP_UART_Init)
    BSP_UART_RX_DMA_Character_Martch_IT_Handler 0x08000689   Thumb Code   218  bsp_rf.o(i.BSP_UART_RX_DMA_Character_Martch_IT_Handler)
    BSP_UART_ReceiveDMA                      0x0800076d   Thumb Code    32  bsp_uart.o(i.BSP_UART_ReceiveDMA)
    BSP_UART_StopDMA                         0x08000795   Thumb Code    16  bsp_uart.o(i.BSP_UART_StopDMA)
    BSP_UART_TransmitBlocking                0x080007ad   Thumb Code    28  bsp_uart.o(i.BSP_UART_TransmitBlocking)
    DMA1_Channel2_3_IRQHandler               0x080007d1   Thumb Code    10  stm32l0xx_it.o(i.DMA1_Channel2_3_IRQHandler)
    DMA_RX_Status                            0x080007e1   Thumb Code     6  bsp_uart.o(i.DMA_RX_Status)
    Error_Handler                            0x0800081b   Thumb Code     2  main.o(i.Error_Handler)
    HAL_DMA_Abort                            0x0800081d   Thumb Code    88  stm32l0xx_hal_dma.o(i.HAL_DMA_Abort)
    HAL_DMA_Abort_IT                         0x08000875   Thumb Code    92  stm32l0xx_hal_dma.o(i.HAL_DMA_Abort_IT)
    HAL_DMA_GetError                         0x080008d1   Thumb Code     6  stm32l0xx_hal_dma.o(i.HAL_DMA_GetError)
    HAL_DMA_IRQHandler                       0x080008d7   Thumb Code   264  stm32l0xx_hal_dma.o(i.HAL_DMA_IRQHandler)
    HAL_DMA_Init                             0x080009e1   Thumb Code   158  stm32l0xx_hal_dma.o(i.HAL_DMA_Init)
    HAL_DMA_Start_IT                         0x08000a89   Thumb Code   154  stm32l0xx_hal_dma.o(i.HAL_DMA_Start_IT)
    HAL_Delay                                0x08000b25   Thumb Code    38  stm32l0xx_hal.o(i.HAL_Delay)
    HAL_GPIO_Init                            0x08000b51   Thumb Code   442  stm32l0xx_hal_gpio.o(i.HAL_GPIO_Init)
    HAL_GPIO_WritePin                        0x08000d21   Thumb Code    12  stm32l0xx_hal_gpio.o(i.HAL_GPIO_WritePin)
    HAL_GetTick                              0x08000d2d   Thumb Code     6  stm32l0xx_hal.o(i.HAL_GetTick)
    HAL_IncTick                              0x08000d39   Thumb Code    16  stm32l0xx_hal.o(i.HAL_IncTick)
    HAL_Init                                 0x08000d51   Thumb Code    38  stm32l0xx_hal.o(i.HAL_Init)
    HAL_InitTick                             0x08000d7d   Thumb Code    70  stm32l0xx_hal.o(i.HAL_InitTick)
    HAL_MspInit                              0x08000dd1   Thumb Code    26  stm32l0xx_hal_msp.o(i.HAL_MspInit)
    HAL_NVIC_EnableIRQ                       0x08000df1   Thumb Code    18  stm32l0xx_hal_cortex.o(i.HAL_NVIC_EnableIRQ)
    HAL_NVIC_SetPriority                     0x08000e09   Thumb Code    18  stm32l0xx_hal_cortex.o(i.HAL_NVIC_SetPriority)
    HAL_RCCEx_PeriphCLKConfig                0x08000e1d   Thumb Code   512  stm32l0xx_hal_rcc_ex.o(i.HAL_RCCEx_PeriphCLKConfig)
    HAL_RCC_ClockConfig                      0x08001029   Thumb Code   498  stm32l0xx_hal_rcc.o(i.HAL_RCC_ClockConfig)
    HAL_RCC_GetHCLKFreq                      0x08001231   Thumb Code     6  stm32l0xx_hal_rcc.o(i.HAL_RCC_GetHCLKFreq)
    HAL_RCC_GetPCLK1Freq                     0x0800123d   Thumb Code    26  stm32l0xx_hal_rcc.o(i.HAL_RCC_GetPCLK1Freq)
    HAL_RCC_GetPCLK2Freq                     0x08001261   Thumb Code    26  stm32l0xx_hal_rcc.o(i.HAL_RCC_GetPCLK2Freq)
    HAL_RCC_GetSysClockFreq                  0x08001285   Thumb Code   186  stm32l0xx_hal_rcc.o(i.HAL_RCC_GetSysClockFreq)
    HAL_RCC_OscConfig                        0x08001355   Thumb Code  1588  stm32l0xx_hal_rcc.o(i.HAL_RCC_OscConfig)
    HAL_SYSTICK_Config                       0x08001995   Thumb Code    46  stm32l0xx_hal_cortex.o(i.HAL_SYSTICK_Config)
    HAL_UARTEx_WakeupCallback                0x080019cd   Thumb Code     2  stm32l0xx_hal_uart_ex.o(i.HAL_UARTEx_WakeupCallback)
    HAL_UART_DMAStop                         0x080019cf   Thumb Code   144  stm32l0xx_hal_uart.o(i.HAL_UART_DMAStop)
    HAL_UART_ErrorCallback                   0x08001a61   Thumb Code    28  bsp_uart.o(i.HAL_UART_ErrorCallback)
    HAL_UART_IRQHandler                      0x08001a81   Thumb Code   456  stm32l0xx_hal_uart.o(i.HAL_UART_IRQHandler)
    HAL_UART_Init                            0x08001c4d   Thumb Code   126  stm32l0xx_hal_uart.o(i.HAL_UART_Init)
    HAL_UART_MspInit                         0x08001ccd   Thumb Code   298  stm32l0xx_hal_msp.o(i.HAL_UART_MspInit)
    HAL_UART_Receive_DMA                     0x08001e0d   Thumb Code   218  stm32l0xx_hal_uart.o(i.HAL_UART_Receive_DMA)
    HAL_UART_RxCpltCallback                  0x08001ef5   Thumb Code     2  bsp_uart.o(i.HAL_UART_RxCpltCallback)
    HAL_UART_RxHalfCpltCallback              0x08001ef7   Thumb Code     2  stm32l0xx_hal_uart.o(i.HAL_UART_RxHalfCpltCallback)
    HAL_UART_Transmit                        0x08001ef9   Thumb Code   256  stm32l0xx_hal_uart.o(i.HAL_UART_Transmit)
    HAL_UART_TxCpltCallback                  0x08001ff9   Thumb Code    14  bsp_uart.o(i.HAL_UART_TxCpltCallback)
    HardFault_Handler                        0x08002011   Thumb Code     4  stm32l0xx_it.o(i.HardFault_Handler)
    MX_GPIO_Init                             0x08002015   Thumb Code    76  main.o(i.MX_GPIO_Init)
    NMI_Handler                              0x08002069   Thumb Code     2  stm32l0xx_it.o(i.NMI_Handler)
    PendSV_Handler                           0x080020e5   Thumb Code     2  stm32l0xx_it.o(i.PendSV_Handler)
    SVC_Handler                              0x080020e7   Thumb Code     2  stm32l0xx_it.o(i.SVC_Handler)
    SysTick_Handler                          0x080020e9   Thumb Code     8  stm32l0xx_it.o(i.SysTick_Handler)
    SystemClock_Config                       0x080020f1   Thumb Code   140  main.o(i.SystemClock_Config)
    SystemInit                               0x08002181   Thumb Code    88  system_stm32l0xx.o(i.SystemInit)
    UART_AdvFeatureConfig                    0x080021e9   Thumb Code   240  stm32l0xx_hal_uart.o(i.UART_AdvFeatureConfig)
    UART_CheckIdleState                      0x080022d9   Thumb Code   106  stm32l0xx_hal_uart.o(i.UART_CheckIdleState)
    UART_SetConfig                           0x08002461   Thumb Code   874  stm32l0xx_hal_uart.o(i.UART_SetConfig)
    UART_WaitOnFlagUntilTimeout              0x080027f5   Thumb Code   108  stm32l0xx_hal_uart.o(i.UART_WaitOnFlagUntilTimeout)
    USART2_IRQHandler                        0x08002861   Thumb Code    46  stm32l0xx_it.o(i.USART2_IRQHandler)
    __ARM_common_ll_muluu                    0x08002895   Thumb Code    48  stm32l0xx_hal_uart.o(i.__ARM_common_ll_muluu)
    __ARM_common_switch8                     0x080028c5   Thumb Code    28  stm32l0xx_hal_dma.o(i.__ARM_common_switch8)
    __scatterload_copy                       0x080028e1   Thumb Code    14  handlers.o(i.__scatterload_copy)
    __scatterload_null                       0x080028ef   Thumb Code     2  handlers.o(i.__scatterload_null)
    __scatterload_zeroinit                   0x080028f1   Thumb Code    14  handlers.o(i.__scatterload_zeroinit)
    main                                     0x08002901   Thumb Code    54  main.o(i.main)
    AHBPrescTable                            0x0800293c   Data          16  system_stm32l0xx.o(.constdata)
    APBPrescTable                            0x0800294c   Data           8  system_stm32l0xx.o(.constdata)
    PLLMulTable                              0x08002954   Data           9  system_stm32l0xx.o(.constdata)
    rsi_cmd                                  0x08002960   Data          64  bsp_rf.o(.constdata)
    Region$$Table$$Base                      0x08002b48   Number         0  anon$$obj.o(Region$$Table)
    Region$$Table$$Limit                     0x08002b68   Number         0  anon$$obj.o(Region$$Table)
    uwTick                                   0x20000000   Data           4  stm32l0xx_hal.o(.data)
    uwTickPrio                               0x20000004   Data           4  stm32l0xx_hal.o(.data)
    uwTickFreq                               0x20000008   Data           1  stm32l0xx_hal.o(.data)
    SystemCoreClock                          0x2000000c   Data           4  system_stm32l0xx.o(.data)
    SSID                                     0x20000014   Data           4  bsp_rf.o(.data)
    SSID_password                            0x20000018   Data           4  bsp_rf.o(.data)
    AWS_endpoint                             0x2000001c   Data           4  bsp_rf.o(.data)
    MQTT_Server_Port                         0x20000020   Data           4  bsp_rf.o(.data)
    Device_ID                                0x20000024   Data           4  bsp_rf.o(.data)
    MQTT_username                            0x20000028   Data           4  bsp_rf.o(.data)
    MQTT_password                            0x2000002c   Data           4  bsp_rf.o(.data)
    MQTT_client_port                         0x20000030   Data           4  bsp_rf.o(.data)
    MQTT_Sub_Topic                           0x20000034   Data           4  bsp_rf.o(.data)
    MQTT_Pub_Topic                           0x20000038   Data           4  bsp_rf.o(.data)
    huart                                    0x20000074   Data         128  bsp_uart.o(.bss)
    hdma_usart2_rx                           0x200000f4   Data          72  bsp_uart.o(.bss)
    hdma_usart2_tx                           0x2000013c   Data          72  bsp_uart.o(.bss)
    __initial_sp                             0x20000678   Data           0  startup_stm32l011xx.o(STACK)



==============================================================================

Memory Map of the image

  Image Entry point : 0x080000c1

  Load Region LR_IROM1 (Base: 0x08000000, Size: 0x00002bdc, Max: 0x00004000, ABSOLUTE)

    Execution Region ER_IROM1 (Exec base: 0x08000000, Load base: 0x08000000, Size: 0x00002b68, Max: 0x00004000, ABSOLUTE)

    Exec Addr    Load Addr    Size         Type   Attr      Idx    E Section Name        Object

    0x08000000   0x08000000   0x000000c0   Data   RO            3    RESET               startup_stm32l011xx.o
    0x080000c0   0x080000c0   0x00000000   Code   RO         2578  * .ARM.Collect$$$$00000000  mc_p.l(entry.o)
    0x080000c0   0x080000c0   0x00000004   Code   RO         2593    .ARM.Collect$$$$00000001  mc_p.l(entry2.o)
    0x080000c4   0x080000c4   0x00000004   Code   RO         2596    .ARM.Collect$$$$00000004  mc_p.l(entry5.o)
    0x080000c8   0x080000c8   0x00000000   Code   RO         2598    .ARM.Collect$$$$00000008  mc_p.l(entry7b.o)
    0x080000c8   0x080000c8   0x00000000   Code   RO         2600    .ARM.Collect$$$$0000000A  mc_p.l(entry8b.o)
    0x080000c8   0x080000c8   0x00000008   Code   RO         2601    .ARM.Collect$$$$0000000B  mc_p.l(entry9a.o)
    0x080000d0   0x080000d0   0x00000000   Code   RO         2603    .ARM.Collect$$$$0000000D  mc_p.l(entry10a.o)
    0x080000d0   0x080000d0   0x00000000   Code   RO         2605    .ARM.Collect$$$$0000000F  mc_p.l(entry11a.o)
    0x080000d0   0x080000d0   0x00000004   Code   RO         2594    .ARM.Collect$$$$00002712  mc_p.l(entry2.o)
    0x080000d4   0x080000d4   0x00000058   Code   RO            4    .text               startup_stm32l011xx.o
    0x0800012c   0x0800012c   0x0000002c   Code   RO         2581    .text               mc_p.l(uidiv.o)
    0x08000158   0x08000158   0x00000060   Code   RO         2583    .text               mc_p.l(uldiv.o)
    0x080001b8   0x080001b8   0x00000024   Code   RO         2585    .text               mc_p.l(memseta.o)
    0x080001dc   0x080001dc   0x00000018   Code   RO         2587    .text               mc_p.l(strcat.o)
    0x080001f4   0x080001f4   0x0000000e   Code   RO         2589    .text               mc_p.l(strlen.o)
    0x08000202   0x08000202   0x0000001a   Code   RO         2591    .text               mc_p.l(memcmp.o)
    0x0800021c   0x0800021c   0x00000020   Code   RO         2607    .text               mc_p.l(llshl.o)
    0x0800023c   0x0800023c   0x00000022   Code   RO         2609    .text               mc_p.l(llushr.o)
    0x0800025e   0x0800025e   0x00000002   PAD
    0x08000260   0x08000260   0x00000024   Code   RO         2611    .text               mc_p.l(init.o)
    0x08000284   0x08000284   0x00000068   Code   RO         2410    i.BSP_RF_AT_Command_Communication  bsp_rf.o
    0x080002ec   0x080002ec   0x00000034   Code   RO         2411    i.BSP_RF_AT_Command_Send  bsp_rf.o
    0x08000320   0x08000320   0x0000000e   Code   RO         2412    i.BSP_RF_AT_Send_Char  bsp_rf.o
    0x0800032e   0x0800032e   0x00000002   PAD
    0x08000330   0x08000330   0x00000014   Code   RO         2413    i.BSP_RF_AT_Send_FS  bsp_rf.o
    0x08000344   0x08000344   0x0000000c   Code   RO         2415    i.BSP_RF_Get_DMA_RX_Status  bsp_rf.o
    0x08000350   0x08000350   0x00000114   Code   RO         2416    i.BSP_RF_RS9116_Init  bsp_rf.o
    0x08000464   0x08000464   0x00000074   Code   RO         2417    i.BSP_RF_RS9116_MQTT_Connect  bsp_rf.o
    0x080004d8   0x080004d8   0x00000140   Code   RO         2418    i.BSP_RF_RS9116_WIFI_Connect  bsp_rf.o
    0x08000618   0x08000618   0x00000024   Code   RO         2419    i.BSP_RF_Start_dma_receive  bsp_rf.o
    0x0800063c   0x0800063c   0x0000000c   Code   RO         2420    i.BSP_RF_get_module_status  bsp_rf.o
    0x08000648   0x08000648   0x0000000c   Code   RO         2421    i.BSP_RF_set_status  bsp_rf.o
    0x08000654   0x08000654   0x00000034   Code   RO         2315    i.BSP_UART_Init     bsp_uart.o
    0x08000688   0x08000688   0x000000e4   Code   RO         2422    i.BSP_UART_RX_DMA_Character_Martch_IT_Handler  bsp_rf.o
    0x0800076c   0x0800076c   0x00000028   Code   RO         2318    i.BSP_UART_ReceiveDMA  bsp_uart.o
    0x08000794   0x08000794   0x00000018   Code   RO         2319    i.BSP_UART_StopDMA  bsp_uart.o
    0x080007ac   0x080007ac   0x00000024   Code   RO         2320    i.BSP_UART_TransmitBlocking  bsp_uart.o
    0x080007d0   0x080007d0   0x00000010   Code   RO          162    i.DMA1_Channel2_3_IRQHandler  stm32l0xx_it.o
    0x080007e0   0x080007e0   0x0000000c   Code   RO         2322    i.DMA_RX_Status     bsp_uart.o
    0x080007ec   0x080007ec   0x0000002e   Code   RO         1922    i.DMA_SetConfig     stm32l0xx_hal_dma.o
    0x0800081a   0x0800081a   0x00000002   Code   RO           12    i.Error_Handler     main.o
    0x0800081c   0x0800081c   0x00000058   Code   RO         1923    i.HAL_DMA_Abort     stm32l0xx_hal_dma.o
    0x08000874   0x08000874   0x0000005c   Code   RO         1924    i.HAL_DMA_Abort_IT  stm32l0xx_hal_dma.o
    0x080008d0   0x080008d0   0x00000006   Code   RO         1926    i.HAL_DMA_GetError  stm32l0xx_hal_dma.o
    0x080008d6   0x080008d6   0x00000108   Code   RO         1928    i.HAL_DMA_IRQHandler  stm32l0xx_hal_dma.o
    0x080009de   0x080009de   0x00000002   PAD
    0x080009e0   0x080009e0   0x000000a8   Code   RO         1929    i.HAL_DMA_Init      stm32l0xx_hal_dma.o
    0x08000a88   0x08000a88   0x0000009a   Code   RO         1933    i.HAL_DMA_Start_IT  stm32l0xx_hal_dma.o
    0x08000b22   0x08000b22   0x00000002   PAD
    0x08000b24   0x08000b24   0x0000002c   Code   RO          718    i.HAL_Delay         stm32l0xx_hal.o
    0x08000b50   0x08000b50   0x000001d0   Code   RO         1863    i.HAL_GPIO_Init     stm32l0xx_hal_gpio.o
    0x08000d20   0x08000d20   0x0000000c   Code   RO         1867    i.HAL_GPIO_WritePin  stm32l0xx_hal_gpio.o
    0x08000d2c   0x08000d2c   0x0000000c   Code   RO          722    i.HAL_GetTick       stm32l0xx_hal.o
    0x08000d38   0x08000d38   0x00000018   Code   RO          728    i.HAL_IncTick       stm32l0xx_hal.o
    0x08000d50   0x08000d50   0x0000002c   Code   RO          729    i.HAL_Init          stm32l0xx_hal.o
    0x08000d7c   0x08000d7c   0x00000054   Code   RO          730    i.HAL_InitTick      stm32l0xx_hal.o
    0x08000dd0   0x08000dd0   0x00000020   Code   RO          222    i.HAL_MspInit       stm32l0xx_hal_msp.o
    0x08000df0   0x08000df0   0x00000018   Code   RO         2189    i.HAL_NVIC_EnableIRQ  stm32l0xx_hal_cortex.o
    0x08000e08   0x08000e08   0x00000012   Code   RO         2193    i.HAL_NVIC_SetPriority  stm32l0xx_hal_cortex.o
    0x08000e1a   0x08000e1a   0x00000002   PAD
    0x08000e1c   0x08000e1c   0x0000020c   Code   RO         1504    i.HAL_RCCEx_PeriphCLKConfig  stm32l0xx_hal_rcc_ex.o
    0x08001028   0x08001028   0x00000208   Code   RO         1423    i.HAL_RCC_ClockConfig  stm32l0xx_hal_rcc.o
    0x08001230   0x08001230   0x0000000c   Code   RO         1426    i.HAL_RCC_GetHCLKFreq  stm32l0xx_hal_rcc.o
    0x0800123c   0x0800123c   0x00000024   Code   RO         1428    i.HAL_RCC_GetPCLK1Freq  stm32l0xx_hal_rcc.o
    0x08001260   0x08001260   0x00000024   Code   RO         1429    i.HAL_RCC_GetPCLK2Freq  stm32l0xx_hal_rcc.o
    0x08001284   0x08001284   0x000000d0   Code   RO         1430    i.HAL_RCC_GetSysClockFreq  stm32l0xx_hal_rcc.o
    0x08001354   0x08001354   0x00000640   Code   RO         1432    i.HAL_RCC_OscConfig  stm32l0xx_hal_rcc.o
    0x08001994   0x08001994   0x00000038   Code   RO         2197    i.HAL_SYSTICK_Config  stm32l0xx_hal_cortex.o
    0x080019cc   0x080019cc   0x00000002   Code   RO          649    i.HAL_UARTEx_WakeupCallback  stm32l0xx_hal_uart_ex.o
    0x080019ce   0x080019ce   0x00000090   Code   RO          303    i.HAL_UART_DMAStop  stm32l0xx_hal_uart.o
    0x08001a5e   0x08001a5e   0x00000002   PAD
    0x08001a60   0x08001a60   0x00000020   Code   RO         2323    i.HAL_UART_ErrorCallback  bsp_uart.o
    0x08001a80   0x08001a80   0x000001cc   Code   RO          308    i.HAL_UART_IRQHandler  stm32l0xx_hal_uart.o
    0x08001c4c   0x08001c4c   0x0000007e   Code   RO          309    i.HAL_UART_Init     stm32l0xx_hal_uart.o
    0x08001cca   0x08001cca   0x00000002   PAD
    0x08001ccc   0x08001ccc   0x00000140   Code   RO          224    i.HAL_UART_MspInit  stm32l0xx_hal_msp.o
    0x08001e0c   0x08001e0c   0x000000e8   Code   RO          313    i.HAL_UART_Receive_DMA  stm32l0xx_hal_uart.o
    0x08001ef4   0x08001ef4   0x00000002   Code   RO         2324    i.HAL_UART_RxCpltCallback  bsp_uart.o
    0x08001ef6   0x08001ef6   0x00000002   Code   RO          316    i.HAL_UART_RxHalfCpltCallback  stm32l0xx_hal_uart.o
    0x08001ef8   0x08001ef8   0x00000100   Code   RO          317    i.HAL_UART_Transmit  stm32l0xx_hal_uart.o
    0x08001ff8   0x08001ff8   0x00000018   Code   RO         2325    i.HAL_UART_TxCpltCallback  bsp_uart.o
    0x08002010   0x08002010   0x00000004   Code   RO          163    i.HardFault_Handler  stm32l0xx_it.o
    0x08002014   0x08002014   0x00000054   Code   RO           13    i.MX_GPIO_Init      main.o
    0x08002068   0x08002068   0x00000002   Code   RO          164    i.NMI_Handler       stm32l0xx_it.o
    0x0800206a   0x0800206a   0x00000002   PAD
    0x0800206c   0x0800206c   0x00000078   Code   RO         2199    i.NVIC_SetPriority  stm32l0xx_hal_cortex.o
    0x080020e4   0x080020e4   0x00000002   Code   RO          165    i.PendSV_Handler    stm32l0xx_it.o
    0x080020e6   0x080020e6   0x00000002   Code   RO          166    i.SVC_Handler       stm32l0xx_it.o
    0x080020e8   0x080020e8   0x00000008   Code   RO          167    i.SysTick_Handler   stm32l0xx_it.o
    0x080020f0   0x080020f0   0x00000090   Code   RO           14    i.SystemClock_Config  main.o
    0x08002180   0x08002180   0x00000068   Code   RO         2282    i.SystemInit        system_stm32l0xx.o
    0x080021e8   0x080021e8   0x000000f0   Code   RO          322    i.UART_AdvFeatureConfig  stm32l0xx_hal_uart.o
    0x080022d8   0x080022d8   0x00000070   Code   RO          323    i.UART_CheckIdleState  stm32l0xx_hal_uart.o
    0x08002348   0x08002348   0x00000018   Code   RO          324    i.UART_DMAAbortOnError  stm32l0xx_hal_uart.o
    0x08002360   0x08002360   0x00000052   Code   RO          325    i.UART_DMAError     stm32l0xx_hal_uart.o
    0x080023b2   0x080023b2   0x0000004a   Code   RO          326    i.UART_DMAReceiveCplt  stm32l0xx_hal_uart.o
    0x080023fc   0x080023fc   0x0000000e   Code   RO          328    i.UART_DMARxHalfCplt  stm32l0xx_hal_uart.o
    0x0800240a   0x0800240a   0x00000024   Code   RO          334    i.UART_EndRxTransfer  stm32l0xx_hal_uart.o
    0x0800242e   0x0800242e   0x00000020   Code   RO          335    i.UART_EndTransmit_IT  stm32l0xx_hal_uart.o
    0x0800244e   0x0800244e   0x00000012   Code   RO          336    i.UART_EndTxTransfer  stm32l0xx_hal_uart.o
    0x08002460   0x08002460   0x00000394   Code   RO          339    i.UART_SetConfig    stm32l0xx_hal_uart.o
    0x080027f4   0x080027f4   0x0000006c   Code   RO          342    i.UART_WaitOnFlagUntilTimeout  stm32l0xx_hal_uart.o
    0x08002860   0x08002860   0x00000034   Code   RO          168    i.USART2_IRQHandler  stm32l0xx_it.o
    0x08002894   0x08002894   0x00000030   Code   RO          635    i.__ARM_common_ll_muluu  stm32l0xx_hal_uart.o
    0x080028c4   0x080028c4   0x0000001c   Code   RO         2008    i.__ARM_common_switch8  stm32l0xx_hal_dma.o
    0x080028e0   0x080028e0   0x0000000e   Code   RO         2615    i.__scatterload_copy  mc_p.l(handlers.o)
    0x080028ee   0x080028ee   0x00000002   Code   RO         2616    i.__scatterload_null  mc_p.l(handlers.o)
    0x080028f0   0x080028f0   0x0000000e   Code   RO         2617    i.__scatterload_zeroinit  mc_p.l(handlers.o)
    0x080028fe   0x080028fe   0x00000002   PAD
    0x08002900   0x08002900   0x0000003c   Code   RO           15    i.main              main.o
    0x0800293c   0x0800293c   0x00000021   Data   RO         2283    .constdata          system_stm32l0xx.o
    0x0800295d   0x0800295d   0x00000003   PAD
    0x08002960   0x08002960   0x00000040   Data   RO         2424    .constdata          bsp_rf.o
    0x080029a0   0x080029a0   0x000001a5   Data   RO         2425    .conststring        bsp_rf.o
    0x08002b45   0x08002b45   0x00000003   PAD
    0x08002b48   0x08002b48   0x00000020   Data   RO         2613    Region$$Table       anon$$obj.o


    Execution Region RW_IRAM1 (Exec base: 0x20000000, Load base: 0x08002b68, Size: 0x00000678, Max: 0x00000800, ABSOLUTE)

    Exec Addr    Load Addr    Size         Type   Attr      Idx    E Section Name        Object

    0x20000000   0x08002b68   0x00000009   Data   RW          740    .data               stm32l0xx_hal.o
    0x20000009   0x08002b71   0x00000003   PAD
    0x2000000c   0x08002b74   0x00000004   Data   RW         2284    .data               system_stm32l0xx.o
    0x20000010   0x08002b78   0x00000002   Data   RW         2328    .data               bsp_uart.o
    0x20000012   0x08002b7a   0x00000002   PAD
    0x20000014   0x08002b7c   0x00000060   Data   RW         2426    .data               bsp_rf.o
    0x20000074        -       0x00000110   Zero   RW         2327    .bss                bsp_uart.o
    0x20000184        -       0x000000f4   Zero   RW         2423    .bss                bsp_rf.o
    0x20000278        -       0x00000400   Zero   RW            1    STACK               startup_stm32l011xx.o


==============================================================================

Image component sizes


      Code (inc. data)   RO Data    RW Data    ZI Data      Debug   Object Name

      1202        128        485         96        244       8123   bsp_rf.o
       222         52          0          2        272       5076   bsp_uart.o
       290         18          0          0          0     269695   main.o
        88         38        192          0       1024        660   startup_stm32l011xx.o
       208         40          0          9          0       8213   stm32l0xx_hal.o
       218         26          0          0          0       9205   stm32l0xx_hal_cortex.o
       846         10          0          0          0       5473   stm32l0xx_hal_dma.o
       476         22          0          0          0       2288   stm32l0xx_hal_gpio.o
       352         28          0          0          0       1800   stm32l0xx_hal_msp.o
      2412         98          0          0          0       6132   stm32l0xx_hal_rcc.o
       524         12          0          0          0       1472   stm32l0xx_hal_rcc_ex.o
      2924         66          0          0          0      13479   stm32l0xx_hal_uart.o
         2          0          0          0          0        964   stm32l0xx_hal_uart_ex.o
        86         12          0          0          0       3184   stm32l0xx_it.o
       104         16         33          4          0       1267   system_stm32l0xx.o

    ----------------------------------------------------------------------
      9968        566        748        116       1540     337031   Object Totals
         0          0         32          0          0          0   (incl. Generated)
        14          0          6          5          0          0   (incl. Padding)

    ----------------------------------------------------------------------

      Code (inc. data)   RO Data    RW Data    ZI Data      Debug   Library Member Name

         0          0          0          0          0          0   entry.o
         0          0          0          0          0          0   entry10a.o
         0          0          0          0          0          0   entry11a.o
         8          4          0          0          0          0   entry2.o
         4          0          0          0          0          0   entry5.o
         0          0          0          0          0          0   entry7b.o
         0          0          0          0          0          0   entry8b.o
         8          4          0          0          0          0   entry9a.o
        30          0          0          0          0          0   handlers.o
        36          8          0          0          0         68   init.o
        32          0          0          0          0         68   llshl.o
        34          0          0          0          0         68   llushr.o
        26          0          0          0          0         72   memcmp.o
        36          0          0          0          0        100   memseta.o
        24          0          0          0          0         60   strcat.o
        14          0          0          0          0         60   strlen.o
        44          0          0          0          0         72   uidiv.o
        96          0          0          0          0         84   uldiv.o

    ----------------------------------------------------------------------
       396         16          0          0          0        652   Library Totals
         4          0          0          0          0          0   (incl. Padding)

    ----------------------------------------------------------------------

      Code (inc. data)   RO Data    RW Data    ZI Data      Debug   Library Name

       392         16          0          0          0        652   mc_p.l

    ----------------------------------------------------------------------
       396         16          0          0          0        652   Library Totals

    ----------------------------------------------------------------------

==============================================================================


      Code (inc. data)   RO Data    RW Data    ZI Data      Debug   

     10364        582        748        116       1540     334315   Grand Totals
     10364        582        748        116       1540     334315   ELF Image Totals
     10364        582        748        116          0          0   ROM Totals

==============================================================================

    Total RO  Size (Code + RO Data)                11112 (  10.85kB)
    Total RW  Size (RW Data + ZI Data)              1656 (   1.62kB)
    Total ROM Size (Code + RO Data + RW Data)      11228 (  10.96kB)

==============================================================================

